Archive member included because of file (symbol)

E:\bahan mata kuliah politeknik telkom\ganjil 2013-2014\Sistem Interoperabilitas\Project Arduino\Bluetooth-Arduino-Remote02\build\/lib_duemilanove328_16.a(BTD.cpp.o)
                              build\Bluetooth-Arduino-Remote02.o (BTD::BTD(USB*))
E:\bahan mata kuliah politeknik telkom\ganjil 2013-2014\Sistem Interoperabilitas\Project Arduino\Bluetooth-Arduino-Remote02\build\/lib_duemilanove328_16.a(parsetools.cpp.o)
                              E:\bahan mata kuliah politeknik telkom\ganjil 2013-2014\Sistem Interoperabilitas\Project Arduino\Bluetooth-Arduino-Remote02\build\/lib_duemilanove328_16.a(BTD.cpp.o) (MultiByteValueParser::Parse(unsigned char**, unsigned int*))
E:\bahan mata kuliah politeknik telkom\ganjil 2013-2014\Sistem Interoperabilitas\Project Arduino\Bluetooth-Arduino-Remote02\build\/lib_duemilanove328_16.a(SPP.cpp.o)
                              build\Bluetooth-Arduino-Remote02.o (SPP::SPP(BTD*, char const*, char const*))
E:\bahan mata kuliah politeknik telkom\ganjil 2013-2014\Sistem Interoperabilitas\Project Arduino\Bluetooth-Arduino-Remote02\build\/lib_duemilanove328_16.a(Usb.cpp.o)
                              build\Bluetooth-Arduino-Remote02.o (USB::USB())
E:\bahan mata kuliah politeknik telkom\ganjil 2013-2014\Sistem Interoperabilitas\Project Arduino\Bluetooth-Arduino-Remote02\build\/core_duemilanove328_16.a(HardwareSerial.cpp.o)
                              build\Bluetooth-Arduino-Remote02.o (Serial)
E:\bahan mata kuliah politeknik telkom\ganjil 2013-2014\Sistem Interoperabilitas\Project Arduino\Bluetooth-Arduino-Remote02\build\/core_duemilanove328_16.a(main.cpp.o)
                              e:/codeblocks-arduino baru/codeblocks/bin/../lib/gcc/avr/4.3.3/../../../../avr/lib/avr5/crtm328p.o (main)
E:\bahan mata kuliah politeknik telkom\ganjil 2013-2014\Sistem Interoperabilitas\Project Arduino\Bluetooth-Arduino-Remote02\build\/core_duemilanove328_16.a(new.cpp.o)
                              E:\bahan mata kuliah politeknik telkom\ganjil 2013-2014\Sistem Interoperabilitas\Project Arduino\Bluetooth-Arduino-Remote02\build\/lib_duemilanove328_16.a(BTD.cpp.o) (__cxa_pure_virtual)
E:\bahan mata kuliah politeknik telkom\ganjil 2013-2014\Sistem Interoperabilitas\Project Arduino\Bluetooth-Arduino-Remote02\build\/core_duemilanove328_16.a(Print.cpp.o)
                              E:\bahan mata kuliah politeknik telkom\ganjil 2013-2014\Sistem Interoperabilitas\Project Arduino\Bluetooth-Arduino-Remote02\build\/lib_duemilanove328_16.a(SPP.cpp.o) (Print::write(unsigned char const*, unsigned int))
E:\bahan mata kuliah politeknik telkom\ganjil 2013-2014\Sistem Interoperabilitas\Project Arduino\Bluetooth-Arduino-Remote02\build\/core_duemilanove328_16.a(wiring.c.o)
                              E:\bahan mata kuliah politeknik telkom\ganjil 2013-2014\Sistem Interoperabilitas\Project Arduino\Bluetooth-Arduino-Remote02\build\/lib_duemilanove328_16.a(BTD.cpp.o) (millis)
E:\bahan mata kuliah politeknik telkom\ganjil 2013-2014\Sistem Interoperabilitas\Project Arduino\Bluetooth-Arduino-Remote02\build\/core_duemilanove328_16.a(wiring_digital.c.o)
                              build\Bluetooth-Arduino-Remote02.o (pinMode)
E:\bahan mata kuliah politeknik telkom\ganjil 2013-2014\Sistem Interoperabilitas\Project Arduino\Bluetooth-Arduino-Remote02\build\/core_duemilanove328_16.a(WString.cpp.o)
                              E:\bahan mata kuliah politeknik telkom\ganjil 2013-2014\Sistem Interoperabilitas\Project Arduino\Bluetooth-Arduino-Remote02\build\/core_duemilanove328_16.a(Print.cpp.o) (String::operator[](unsigned int) const)
e:/codeblocks-arduino baru/codeblocks/bin/../lib/gcc/avr/4.3.3/../../../../avr/lib/avr5\libm.a(addsf3.o)
                              E:\bahan mata kuliah politeknik telkom\ganjil 2013-2014\Sistem Interoperabilitas\Project Arduino\Bluetooth-Arduino-Remote02\build\/core_duemilanove328_16.a(Print.cpp.o) (__subsf3)
e:/codeblocks-arduino baru/codeblocks/bin/../lib/gcc/avr/4.3.3/../../../../avr/lib/avr5\libm.a(addsf3x.o)
                              e:/codeblocks-arduino baru/codeblocks/bin/../lib/gcc/avr/4.3.3/../../../../avr/lib/avr5\libm.a(addsf3.o) (__addsf3x)
e:/codeblocks-arduino baru/codeblocks/bin/../lib/gcc/avr/4.3.3/../../../../avr/lib/avr5\libm.a(cmpsf2.o)
                              E:\bahan mata kuliah politeknik telkom\ganjil 2013-2014\Sistem Interoperabilitas\Project Arduino\Bluetooth-Arduino-Remote02\build\/core_duemilanove328_16.a(Print.cpp.o) (__ltsf2)
e:/codeblocks-arduino baru/codeblocks/bin/../lib/gcc/avr/4.3.3/../../../../avr/lib/avr5\libm.a(divsf3.o)
                              E:\bahan mata kuliah politeknik telkom\ganjil 2013-2014\Sistem Interoperabilitas\Project Arduino\Bluetooth-Arduino-Remote02\build\/core_duemilanove328_16.a(Print.cpp.o) (__divsf3)
e:/codeblocks-arduino baru/codeblocks/bin/../lib/gcc/avr/4.3.3/../../../../avr/lib/avr5\libm.a(divsf3x.o)
[...]
Memory Configuration

Name             Origin             Length             Attributes
text             0x00000000         0x00020000         xr
data             0x00800060         0x0000ffa0         rw !x
eeprom           0x00810000         0x00010000         rw !x
fuse             0x00820000         0x00000400         rw !x
lock             0x00830000         0x00000400         rw !x
signature        0x00840000         0x00000400         rw !x
*default*        0x00000000         0xffffffff

Linker script and memory map

Address of section .data set to 0x800100
LOAD e:/codeblocks-arduino baru/codeblocks/bin/../lib/gcc/avr/4.3.3/../../../../avr/lib/avr5/crtm328p.o
LOAD build\Bluetooth-Arduino-Remote02.o
LOAD E:\bahan mata kuliah politeknik telkom\ganjil 2013-2014\Sistem Interoperabilitas\Project Arduino\Bluetooth-Arduino-Remote02\build\/lib_duemilanove328_16.a
LOAD E:\bahan mata kuliah politeknik telkom\ganjil 2013-2014\Sistem Interoperabilitas\Project Arduino\Bluetooth-Arduino-Remote02\build\/core_duemilanove328_16.a
LOAD e:/codeblocks-arduino baru/codeblocks/bin/../lib/gcc/avr/4.3.3/../../../../avr/lib/avr5\libm.a
LOAD e:/codeblocks-arduino baru/codeblocks/bin/../lib/gcc/avr/4.3.3/avr5\libgcc.a
LOAD e:/codeblocks-arduino baru/codeblocks/bin/../lib/gcc/avr/4.3.3/../../../../avr/lib/avr5\libc.a
LOAD e:/codeblocks-arduino baru/codeblocks/bin/../lib/gcc/avr/4.3.3/avr5\libgcc.a

.hash
 *(.hash)

.dynsym
 *(.dynsym)

.dynstr
 *(.dynstr)

.gnu.version
 *(.gnu.version)

.gnu.version_d
 *(.gnu.version_d)

.gnu.version_r
 *(.gnu.version_r)

.rel.init
 *(.rel.init)

.rela.init
 *(.rela.init)

.rel.text
 *(.rel.text)
 *(.rel.text.*)
 *(.rel.gnu.linkonce.t*)

.rela.text
 *(.rela.text)
 *(.rela.text.*)
 *(.rela.gnu.linkonce.t*)

.rel.fini
 *(.rel.fini)

.rela.fini
 *(.rela.fini)

.rel.rodata
 *(.rel.rodata)
 *(.rel.rodata.*)
 *(.rel.gnu.linkonce.r*)

.rela.rodata
 *(.rela.rodata)
 *(.rela.rodata.*)
 *(.rela.gnu.linkonce.r*)

.rel.data
 *(.rel.data)
 *(.rel.data.*)
 *(.rel.gnu.linkonce.d*)

.rela.data
 *(.rela.data)
 *(.rela.data.*)
 *(.rela.gnu.linkonce.d*)

.rel.ctors
 *(.rel.ctors)

.rela.ctors
 *(.rela.ctors)

.rel.dtors
 *(.rel.dtors)

.rela.dtors
 *(.rela.dtors)

.rel.got
 *(.rel.got)

.rela.got
 *(.rela.got)

.rel.bss
 *(.rel.bss)

.rela.bss
 *(.rela.bss)

.rel.plt
 *(.rel.plt)

.rela.plt
 *(.rela.plt)

.text           0x00000000     0x5c2a
 *(.vectors)
 .vectors       0x00000000       0x68 e:/codeblocks-arduino baru/codeblocks/bin/../lib/gcc/avr/4.3.3/../../../../avr/lib/avr5/crtm328p.o
                0x00000000                __vectors
                0x00000000                __vector_default
 *(.vectors)
 *(.progmem.gcc*)
 *(.progmem*)
 .progmem.data  0x00000068      0x100 E:\bahan mata kuliah politeknik telkom\ganjil 2013-2014\Sistem Interoperabilitas\Project Arduino\Bluetooth-Arduino-Remote02\build\/lib_duemilanove328_16.a(SPP.cpp.o)
 .progmem.data  0x00000168       0x5a E:\bahan mata kuliah politeknik telkom\ganjil 2013-2014\Sistem Interoperabilitas\Project Arduino\Bluetooth-Arduino-Remote02\build\/core_duemilanove328_16.a(wiring_digital.c.o)
                0x00000168                port_to_mode_PGM
                0x00000186                digital_pin_to_port_PGM
                0x0000019a                digital_pin_to_bit_mask_PGM
                0x00000172                port_to_output_PGM
                0x0000017c                port_to_input_PGM
                0x000001ae                digital_pin_to_timer_PGM
                0x000001c2                . = ALIGN (0x2)
                0x000001c2                __trampolines_start = .
 *(.trampolines)
 .trampolines   0x000001c2        0x0 linker stubs
 *(.trampolines*)
                0x000001c2                __trampolines_end = .
 *(.jumptables)
 *(.jumptables*)
 *(.lowtext)
 *(.lowtext*)
                0x000001c2                __ctors_start = .
 *(.ctors)
 .ctors         0x000001c2        0x2 build\Bluetooth-Arduino-Remote02.o
 .ctors         0x000001c4        0x2 E:\bahan mata kuliah politeknik telkom\ganjil 2013-2014\Sistem Interoperabilitas\Project Arduino\Bluetooth-Arduino-Remote02\build\/core_duemilanove328_16.a(HardwareSerial.cpp.o)
                0x000001c6                __ctors_end = .
                0x000001c6                __dtors_start = .
 *(.dtors)
                0x000001c6                __dtors_end = .
 SORT(*)(.ctors)
 SORT(*)(.dtors)
 *(.init0)
 .init0         0x000001c6        0x0 e:/codeblocks-arduino baru/codeblocks/bin/../lib/gcc/avr/4.3.3/../../../../avr/lib/avr5/crtm328p.o
                0x000001c6                __init
 *(.init0)
 *(.init1)
 *(.init1)
 *(.init2)
 .init2         0x000001c6        0xc e:/codeblocks-arduino baru/codeblocks/bin/../lib/gcc/avr/4.3.3/../../../../avr/lib/avr5/crtm328p.o
 *(.init2)
 *(.init3)
 *(.init3)
 *(.init4)
 .init4         0x000001d2       0x16 e:/codeblocks-arduino baru/codeblocks/bin/../lib/gcc/avr/4.3.3/avr5\libgcc.a(_copy_data.o)
                0x000001d2                __do_copy_data
 .init4         0x000001e8       0x10 e:/codeblocks-arduino baru/codeblocks/bin/../lib/gcc/avr/4.3.3/avr5\libgcc.a(_clear_bss.o)
                0x000001e8                __do_clear_bss
 *(.init4)
 *(.init5)
 *(.init5)
 *(.init6)
 .init6         0x000001f8       0x16 e:/codeblocks-arduino baru/codeblocks/bin/../lib/gcc/avr/4.3.3/avr5\libgcc.a(_ctors.o)
                0x000001f8                __do_global_ctors
 *(.init6)
 *(.init7)
 *(.init7)
 *(.init8)
 *(.init8)
 *(.init9)
 .init9         0x0000020e        0x8 e:/codeblocks-arduino baru/codeblocks/bin/../lib/gcc/avr/4.3.3/../../../../avr/lib/avr5/crtm328p.o
 *(.init9)
 *(.text)
 .text          0x00000216        0x4 e:/codeblocks-arduino baru/codeblocks/bin/../lib/gcc/avr/4.3.3/../../../../avr/lib/avr5/crtm328p.o
                0x00000216                __vector_22
                0x00000216                __vector_1
                0x00000216                __vector_24
                0x00000216                __vector_12
                0x00000216                __bad_interrupt
                0x00000216                __vector_6
                0x00000216                __vector_3
                0x00000216                __vector_23
                0x00000216                __vector_25
                0x00000216                __vector_11
                0x00000216                __vector_13
                0x00000216                __vector_17
                0x00000216                __vector_7
                0x00000216                __vector_5
                0x00000216                __vector_4
                0x00000216                __vector_9
                0x00000216                __vector_2
                0x00000216                __vector_21
                0x00000216                __vector_15
                0x00000216                __vector_8
                0x00000216                __vector_14
                0x00000216                __vector_10
                0x00000216                __vector_20
 .text          0x0000021a       0x12 e:/codeblocks-arduino baru/codeblocks/bin/../lib/gcc/avr/4.3.3/../../../../avr/lib/avr5\libc.a(strcmp.o)
                0x0000021a                strcmp
 .text          0x0000022c       0x1c e:/codeblocks-arduino baru/codeblocks/bin/../lib/gcc/avr/4.3.3/../../../../avr/lib/avr5\libc.a(strncmp.o)
                0x0000022c                strncmp
                0x00000248                . = ALIGN (0x2)
 *(.text.*)
 .text._ZN8MAX3421eI4TPinI5PortbLh2EES0_IS1_Lh1EEE5regWrEhh
                0x00000248       0x18 build\Bluetooth-Arduino-Remote02.o
                0x00000248                MAX3421e<TPin<Portb, (unsigned char)2>, TPin<Portb, (unsigned char)1> >::regWr(unsigned char, unsigned char)
 .text._ZN8MAX3421eI4TPinI5PortbLh2EES0_IS1_Lh1EEE5regRdEh
                0x00000260       0x18 build\Bluetooth-Arduino-Remote02.o
                0x00000260                MAX3421e<TPin<Portb, (unsigned char)2>, TPin<Portb, (unsigned char)1> >::regRd(unsigned char)
 .text._ZN8MAX3421eI4TPinI5PortbLh2EES0_IS1_Lh1EEE4InitEv
                0x00000278      0x128 build\Bluetooth-Arduino-Remote02.o
                0x00000278                MAX3421e<TPin<Portb, (unsigned char)2>, TPin<Portb, (unsigned char)1> >::Init()
 .text._GLOBAL__I_Usb
                0x000003a0       0x3e build\Bluetooth-Arduino-Remote02.o
 .text.loop     0x000003de      0x330 build\Bluetooth-Arduino-Remote02.o
                0x000003de                loop
 .text.setup    0x0000070e       0x5c build\Bluetooth-Arduino-Remote02.o
                0x0000070e                setup
 .text._ZN15USBDeviceConfig12ResetHubPortEh
                0x0000076a        0x2 E:\bahan mata kuliah politeknik telkom\ganjil 2013-2014\Sistem Interoperabilitas\Project Arduino\Bluetooth-Arduino-Remote02\build\/lib_duemilanove328_16.a(BTD.cpp.o)
                0x0000076a                USBDeviceConfig::ResetHubPort(unsigned char)
 .text._ZN11ByteSkipper4SkipEPPhPjj
                0x0000076c       0x6c E:\bahan mata kuliah politeknik telkom\ganjil 2013-2014\Sistem Interoperabilitas\Project Arduino\Bluetooth-Arduino-Remote02\build\/lib_duemilanove328_16.a(BTD.cpp.o)
                0x0000076c                ByteSkipper::Skip(unsigned char**, unsigned int*, unsigned int)
 .text._ZN3BTD10GetAddressEv
                0x000007d8        0xa E:\bahan mata kuliah politeknik telkom\ganjil 2013-2014\Sistem Interoperabilitas\Project Arduino\Bluetooth-Arduino-Remote02\build\/lib_duemilanove328_16.a(BTD.cpp.o)
                0x000007d8                BTD::GetAddress()
 .text._ZN3BTD7isReadyEv
                0x000007e2        0xa E:\bahan mata kuliah politeknik telkom\ganjil 2013-2014\Sistem Interoperabilitas\Project Arduino\Bluetooth-Arduino-Remote02\build\/lib_duemilanove328_16.a(BTD.cpp.o)
                0x000007e2                BTD::isReady()
 .text._ZN3BTD10DEVCLASSOKEh
                0x000007ec        0xa E:\bahan mata kuliah politeknik telkom\ganjil 2013-2014\Sistem Interoperabilitas\Project Arduino\Bluetooth-Arduino-Remote02\build\/lib_duemilanove328_16.a(BTD.cpp.o)
                0x000007ec                BTD::DEVCLASSOK(unsigned char)
 .text._ZN3BTD8VIDPIDOKEjj
                0x000007f6       0x5c E:\bahan mata kuliah politeknik telkom\ganjil 2013-2014\Sistem Interoperabilitas\Project Arduino\Bluetooth-Arduino-Remote02\build\/lib_duemilanove328_16.a(BTD.cpp.o)
                0x000007f6                BTD::VIDPIDOK(unsigned int, unsigned int)
 .text._ZN3BTD17clearAllVariablesEv
                0x00000852       0xc2 E:\bahan mata kuliah politeknik telkom\ganjil 2013-2014\Sistem Interoperabilitas\Project Arduino\Bluetooth-Arduino-Remote02\build\/lib_duemilanove328_16.a(BTD.cpp.o)
                0x00000852                BTD::clearAllVariables()
 .text._ZN3BTDC1EP3USB
                0x00000914       0xae E:\bahan mata kuliah politeknik telkom\ganjil 2013-2014\Sistem Interoperabilitas\Project Arduino\Bluetooth-Arduino-Remote02\build\/lib_duemilanove328_16.a(BTD.cpp.o)
                0x00000914                BTD::BTD(USB*)
 .text._ZThn2_N3BTD14EndpointXtractEhhhhPK23USB_ENDPOINT_DESCRIPTOR
                0x000009c2       0x14 E:\bahan mata kuliah politeknik telkom\ganjil 2013-2014\Sistem Interoperabilitas\Project Arduino\Bluetooth-Arduino-Remote02\build\/lib_duemilanove328_16.a(BTD.cpp.o)
                0x000009c2                non-virtual thunk to BTD::EndpointXtract(unsigned char, unsigned char, unsigned char, unsigned char, USB_ENDPOINT_DESCRIPTOR const*)
 .text._ZN3BTD14EndpointXtractEhhhhPK23USB_ENDPOINT_DESCRIPTOR
                0x000009d6       0x9c E:\bahan mata kuliah politeknik telkom\ganjil 2013-2014\Sistem Interoperabilitas\Project Arduino\Bluetooth-Arduino-Remote02\build\/lib_duemilanove328_16.a(BTD.cpp.o)
                0x000009d6                BTD::EndpointXtract(unsigned char, unsigned char, unsigned char, unsigned char, USB_ENDPOINT_DESCRIPTOR const*)
 .text._ZN3BTD7ReleaseEv
                0x00000a72       0x34 E:\bahan mata kuliah politeknik telkom\ganjil 2013-2014\Sistem Interoperabilitas\Project Arduino\Bluetooth-Arduino-Remote02\build\/lib_duemilanove328_16.a(BTD.cpp.o)
                0x00000a72                BTD::Release()
 .text._ZN3BTD13setMoveBdaddrEPh
                0x00000aa6       0xe6 E:\bahan mata kuliah politeknik telkom\ganjil 2013-2014\Sistem Interoperabilitas\Project Arduino\Bluetooth-Arduino-Remote02\build\/lib_duemilanove328_16.a(BTD.cpp.o)
                0x00000aa6                BTD::setMoveBdaddr(unsigned char*)
 .text._ZN3BTD9setBdaddrEPh
                0x00000b8c       0xde E:\bahan mata kuliah politeknik telkom\ganjil 2013-2014\Sistem Interoperabilitas\Project Arduino\Bluetooth-Arduino-Remote02\build\/lib_duemilanove328_16.a(BTD.cpp.o)
                0x00000b8c                BTD::setBdaddr(unsigned char*)
 .text._ZN3BTD11HCI_CommandEPhj
                0x00000c6a       0x9c E:\bahan mata kuliah politeknik telkom\ganjil 2013-2014\Sistem Interoperabilitas\Project Arduino\Bluetooth-Arduino-Remote02\build\/lib_duemilanove328_16.a(BTD.cpp.o)
                0x00000c6a                BTD::HCI_Command(unsigned char*, unsigned int)
 .text._ZN3BTD25hci_write_class_of_deviceEv
                0x00000d06       0x34 E:\bahan mata kuliah politeknik telkom\ganjil 2013-2014\Sistem Interoperabilitas\Project Arduino\Bluetooth-Arduino-Remote02\build\/lib_duemilanove328_16.a(BTD.cpp.o)
                0x00000d06                BTD::hci_write_class_of_device()
 .text._ZN3BTD14hci_disconnectEj
                0x00000d3a       0x46 E:\bahan mata kuliah politeknik telkom\ganjil 2013-2014\Sistem Interoperabilitas\Project Arduino\Bluetooth-Arduino-Remote02\build\/lib_duemilanove328_16.a(BTD.cpp.o)
                0x00000d3a                BTD::hci_disconnect(unsigned int)
 .text._ZN3BTD26hci_authentication_requestEv
                0x00000d80       0x44 E:\bahan mata kuliah politeknik telkom\ganjil 2013-2014\Sistem Interoperabilitas\Project Arduino\Bluetooth-Arduino-Remote02\build\/lib_duemilanove328_16.a(BTD.cpp.o)
                0x00000d80                BTD::hci_authentication_request()
 .text._ZN3BTD35hci_link_key_request_negative_replyEv
                0x00000dc4       0x72 E:\bahan mata kuliah politeknik telkom\ganjil 2013-2014\Sistem Interoperabilitas\Project Arduino\Bluetooth-Arduino-Remote02\build\/lib_duemilanove328_16.a(BTD.cpp.o)
                0x00000dc4                BTD::hci_link_key_request_negative_reply()
 .text._ZN3BTD35hci_pin_code_negative_request_replyEv
                0x00000e36       0x72 E:\bahan mata kuliah politeknik telkom\ganjil 2013-2014\Sistem Interoperabilitas\Project Arduino\Bluetooth-Arduino-Remote02\build\/lib_duemilanove328_16.a(BTD.cpp.o)
                0x00000e36                BTD::hci_pin_code_negative_request_reply()
 .text._ZN3BTD11hci_connectEPh
                0x00000ea8       0x74 E:\bahan mata kuliah politeknik telkom\ganjil 2013-2014\Sistem Interoperabilitas\Project Arduino\Bluetooth-Arduino-Remote02\build\/lib_duemilanove328_16.a(BTD.cpp.o)
                0x00000ea8                BTD::hci_connect(unsigned char*)
 .text._ZN3BTD11hci_connectEv
                0x00000f1c        0xc E:\bahan mata kuliah politeknik telkom\ganjil 2013-2014\Sistem Interoperabilitas\Project Arduino\Bluetooth-Arduino-Remote02\build\/lib_duemilanove328_16.a(BTD.cpp.o)
                0x00000f1c                BTD::hci_connect()
 .text._ZN3BTD18hci_inquiry_cancelEv
                0x00000f28       0x28 E:\bahan mata kuliah politeknik telkom\ganjil 2013-2014\Sistem Interoperabilitas\Project Arduino\Bluetooth-Arduino-Remote02\build\/lib_duemilanove328_16.a(BTD.cpp.o)
                0x00000f28                BTD::hci_inquiry_cancel()
 .text._ZN3BTD11hci_inquiryEv
                0x00000f50       0x50 E:\bahan mata kuliah politeknik telkom\ganjil 2013-2014\Sistem Interoperabilitas\Project Arduino\Bluetooth-Arduino-Remote02\build\/lib_duemilanove328_16.a(BTD.cpp.o)
                0x00000f50                BTD::hci_inquiry()
 .text._ZN3BTD15hci_remote_nameEv
                0x00000fa0       0x90 E:\bahan mata kuliah politeknik telkom\ganjil 2013-2014\Sistem Interoperabilitas\Project Arduino\Bluetooth-Arduino-Remote02\build\/lib_duemilanove328_16.a(BTD.cpp.o)
                0x00000fa0                BTD::hci_remote_name()
 .text._ZN3BTD21hci_accept_connectionEv
                0x00001030       0x88 E:\bahan mata kuliah politeknik telkom\ganjil 2013-2014\Sistem Interoperabilitas\Project Arduino\Bluetooth-Arduino-Remote02\build\/lib_duemilanove328_16.a(BTD.cpp.o)
                0x00001030                BTD::hci_accept_connection()
 .text._ZN3BTD34hci_read_local_version_informationEv
                0x000010b8       0x28 E:\bahan mata kuliah politeknik telkom\ganjil 2013-2014\Sistem Interoperabilitas\Project Arduino\Bluetooth-Arduino-Remote02\build\/lib_duemilanove328_16.a(BTD.cpp.o)
                0x000010b8                BTD::hci_read_local_version_information()
 .text._ZN3BTD15hci_read_bdaddrEv
                0x000010e0       0x28 E:\bahan mata kuliah politeknik telkom\ganjil 2013-2014\Sistem Interoperabilitas\Project Arduino\Bluetooth-Arduino-Remote02\build\/lib_duemilanove328_16.a(BTD.cpp.o)
                0x000010e0                BTD::hci_read_bdaddr()
 .text._ZN3BTD21hci_write_scan_enableEv
                0x00001108       0x52 E:\bahan mata kuliah politeknik telkom\ganjil 2013-2014\Sistem Interoperabilitas\Project Arduino\Bluetooth-Arduino-Remote02\build\/lib_duemilanove328_16.a(BTD.cpp.o)
                0x00001108                BTD::hci_write_scan_enable()
 .text._ZN3BTD9hci_resetEv
                0x0000115a       0x34 E:\bahan mata kuliah politeknik telkom\ganjil 2013-2014\Sistem Interoperabilitas\Project Arduino\Bluetooth-Arduino-Remote02\build\/lib_duemilanove328_16.a(BTD.cpp.o)
                0x0000115a                BTD::hci_reset()
 .text._ZN3BTD13L2CAP_CommandEjPhhhh
                0x0000118e      0x104 E:\bahan mata kuliah politeknik telkom\ganjil 2013-2014\Sistem Interoperabilitas\Project Arduino\Bluetooth-Arduino-Remote02\build\/lib_duemilanove328_16.a(BTD.cpp.o)
                0x0000118e                BTD::L2CAP_Command(unsigned int, unsigned char*, unsigned char, unsigned char, unsigned char)
 .text._ZN3BTD26l2cap_information_responseEjhhh
                0x00001292       0x44 E:\bahan mata kuliah politeknik telkom\ganjil 2013-2014\Sistem Interoperabilitas\Project Arduino\Bluetooth-Arduino-Remote02\build\/lib_duemilanove328_16.a(BTD.cpp.o)
                0x00001292                BTD::l2cap_information_response(unsigned int, unsigned char, unsigned char, unsigned char)
 .text._ZN3BTD28l2cap_disconnection_responseEjhPhS0_
                0x000012d6       0x5c E:\bahan mata kuliah politeknik telkom\ganjil 2013-2014\Sistem Interoperabilitas\Project Arduino\Bluetooth-Arduino-Remote02\build\/lib_duemilanove328_16.a(BTD.cpp.o)
                0x000012d6                BTD::l2cap_disconnection_response(unsigned int, unsigned char, unsigned char*, unsigned char*)
 .text._ZN3BTD27l2cap_disconnection_requestEjhPhS0_
                0x00001332       0x5c E:\bahan mata kuliah politeknik telkom\ganjil 2013-2014\Sistem Interoperabilitas\Project Arduino\Bluetooth-Arduino-Remote02\build\/lib_duemilanove328_16.a(BTD.cpp.o)
                0x00001332                BTD::l2cap_disconnection_request(unsigned int, unsigned char, unsigned char*, unsigned char*)
 .text._ZN3BTD21l2cap_config_responseEjhPh
                0x0000138e       0x60 E:\bahan mata kuliah politeknik telkom\ganjil 2013-2014\Sistem Interoperabilitas\Project Arduino\Bluetooth-Arduino-Remote02\build\/lib_duemilanove328_16.a(BTD.cpp.o)
                0x0000138e                BTD::l2cap_config_response(unsigned int, unsigned char, unsigned char*)
 .text._ZN3BTD20l2cap_config_requestEjhPh
                0x000013ee       0x5c E:\bahan mata kuliah politeknik telkom\ganjil 2013-2014\Sistem Interoperabilitas\Project Arduino\Bluetooth-Arduino-Remote02\build\/lib_duemilanove328_16.a(BTD.cpp.o)
                0x000013ee                BTD::l2cap_config_request(unsigned int, unsigned char, unsigned char*)
 .text._ZN3BTD25l2cap_connection_responseEjhPhS0_h
                0x0000144a       0x64 E:\bahan mata kuliah politeknik telkom\ganjil 2013-2014\Sistem Interoperabilitas\Project Arduino\Bluetooth-Arduino-Remote02\build\/lib_duemilanove328_16.a(BTD.cpp.o)
                0x0000144a                BTD::l2cap_connection_response(unsigned int, unsigned char, unsigned char*, unsigned char*, unsigned char)
 .text._ZN3BTD26hci_pin_code_request_replyEv
                0x000014ae      0x132 E:\bahan mata kuliah politeknik telkom\ganjil 2013-2014\Sistem Interoperabilitas\Project Arduino\Bluetooth-Arduino-Remote02\build\/lib_duemilanove328_16.a(BTD.cpp.o)
                0x000014ae                BTD::hci_pin_code_request_reply()
 .text._ZN3BTD18hci_set_local_nameEPKc
                0x000015e0       0x7c E:\bahan mata kuliah politeknik telkom\ganjil 2013-2014\Sistem Interoperabilitas\Project Arduino\Bluetooth-Arduino-Remote02\build\/lib_duemilanove328_16.a(BTD.cpp.o)
                0x000015e0                BTD::hci_set_local_name(char const*)
 .text._ZN3BTD14ACL_event_taskEv
                0x0000165c       0xd2 E:\bahan mata kuliah politeknik telkom\ganjil 2013-2014\Sistem Interoperabilitas\Project Arduino\Bluetooth-Arduino-Remote02\build\/lib_duemilanove328_16.a(BTD.cpp.o)
                0x0000165c                BTD::ACL_event_task()
 .text._ZN3BTD8HCI_taskEv
                0x0000172e      0x36a E:\bahan mata kuliah politeknik telkom\ganjil 2013-2014\Sistem Interoperabilitas\Project Arduino\Bluetooth-Arduino-Remote02\build\/lib_duemilanove328_16.a(BTD.cpp.o)
                0x0000172e                BTD::HCI_task()
 .text._ZN3BTD14HCI_event_taskEv
                0x00001a98      0x4fe E:\bahan mata kuliah politeknik telkom\ganjil 2013-2014\Sistem Interoperabilitas\Project Arduino\Bluetooth-Arduino-Remote02\build\/lib_duemilanove328_16.a(BTD.cpp.o)
                0x00001a98                BTD::HCI_event_task()
 .text._ZN3BTD4PollEv
                0x00001f96       0x82 E:\bahan mata kuliah politeknik telkom\ganjil 2013-2014\Sistem Interoperabilitas\Project Arduino\Bluetooth-Arduino-Remote02\build\/lib_duemilanove328_16.a(BTD.cpp.o)
                0x00001f96                BTD::Poll()
 .text._ZN3BTD4InitEhhb
                0x00002018      0x468 E:\bahan mata kuliah politeknik telkom\ganjil 2013-2014\Sistem Interoperabilitas\Project Arduino\Bluetooth-Arduino-Remote02\build\/lib_duemilanove328_16.a(BTD.cpp.o)
                0x00002018                BTD::Init(unsigned char, unsigned char, bool)
 .text._ZN16ConfigDescParserILh255ELh1ELh1ELh7EE15ParseDescriptorEPPhPj
                0x00002480      0x180 E:\bahan mata kuliah politeknik telkom\ganjil 2013-2014\Sistem Interoperabilitas\Project Arduino\Bluetooth-Arduino-Remote02\build\/lib_duemilanove328_16.a(BTD.cpp.o)
                0x00002480                ConfigDescParser<(unsigned char)255, (unsigned char)1, (unsigned char)1, (unsigned char)7>::ParseDescriptor(unsigned char**, unsigned int*)
 .text._ZN16ConfigDescParserILh255ELh1ELh1ELh7EE5ParseEjPKhRKj
                0x00002600       0x66 E:\bahan mata kuliah politeknik telkom\ganjil 2013-2014\Sistem Interoperabilitas\Project Arduino\Bluetooth-Arduino-Remote02\build\/lib_duemilanove328_16.a(BTD.cpp.o)
                0x00002600                ConfigDescParser<(unsigned char)255, (unsigned char)1, (unsigned char)1, (unsigned char)7>::Parse(unsigned int, unsigned char const*, unsigned int const&)
 .text._ZN16ConfigDescParserILh224ELh1ELh1ELh7EE15ParseDescriptorEPPhPj
                0x00002666      0x180 E:\bahan mata kuliah politeknik telkom\ganjil 2013-2014\Sistem Interoperabilitas\Project Arduino\Bluetooth-Arduino-Remote02\build\/lib_duemilanove328_16.a(BTD.cpp.o)
                0x00002666                ConfigDescParser<(unsigned char)224, (unsigned char)1, (unsigned char)1, (unsigned char)7>::ParseDescriptor(unsigned char**, unsigned int*)
 .text._ZN16ConfigDescParserILh224ELh1ELh1ELh7EE5ParseEjPKhRKj
                0x000027e6       0x66 E:\bahan mata kuliah politeknik telkom\ganjil 2013-2014\Sistem Interoperabilitas\Project Arduino\Bluetooth-Arduino-Remote02\build\/lib_duemilanove328_16.a(BTD.cpp.o)
                0x000027e6                ConfigDescParser<(unsigned char)224, (unsigned char)1, (unsigned char)1, (unsigned char)7>::Parse(unsigned int, unsigned char const*, unsigned int const&)
 .text._ZN3BTD15ConfigureDeviceEhhb
                0x0000284c      0x18a E:\bahan mata kuliah politeknik telkom\ganjil 2013-2014\Sistem Interoperabilitas\Project Arduino\Bluetooth-Arduino-Remote02\build\/lib_duemilanove328_16.a(BTD.cpp.o)
                0x0000284c                BTD::ConfigureDevice(unsigned char, unsigned char, bool)
 .text._ZN20MultiByteValueParser5ParseEPPhPj
                0x000029d6       0x70 E:\bahan mata kuliah politeknik telkom\ganjil 2013-2014\Sistem Interoperabilitas\Project Arduino\Bluetooth-Arduino-Remote02\build\/lib_duemilanove328_16.a(parsetools.cpp.o)
                0x000029d6                MultiByteValueParser::Parse(unsigned char**, unsigned int*)
 .text._ZN3SPP5ResetEv
                0x00002a46       0x22 E:\bahan mata kuliah politeknik telkom\ganjil 2013-2014\Sistem Interoperabilitas\Project Arduino\Bluetooth-Arduino-Remote02\build\/lib_duemilanove328_16.a(SPP.cpp.o)
                0x00002a46                SPP::Reset()
 .text._ZN3SPPC1EP3BTDPKcS3_
                0x00002a68       0x8e E:\bahan mata kuliah politeknik telkom\ganjil 2013-2014\Sistem Interoperabilitas\Project Arduino\Bluetooth-Arduino-Remote02\build\/lib_duemilanove328_16.a(SPP.cpp.o)
                0x00002a68                SPP::SPP(BTD*, char const*, char const*)
 .text._ZN3SPP7calcFcsEPh
                0x00002af6       0x60 E:\bahan mata kuliah politeknik telkom\ganjil 2013-2014\Sistem Interoperabilitas\Project Arduino\Bluetooth-Arduino-Remote02\build\/lib_duemilanove328_16.a(SPP.cpp.o)
                0x00002af6                SPP::calcFcs(unsigned char*)
 .text._ZN3SPP8checkFcsEPhh
                0x00002b56       0x58 E:\bahan mata kuliah politeknik telkom\ganjil 2013-2014\Sistem Interoperabilitas\Project Arduino\Bluetooth-Arduino-Remote02\build\/lib_duemilanove328_16.a(SPP.cpp.o)
                0x00002b56                SPP::checkFcs(unsigned char*, unsigned char)
 .text._ZThn2_N3SPP5writeEh
                0x00002bae        0x8 E:\bahan mata kuliah politeknik telkom\ganjil 2013-2014\Sistem Interoperabilitas\Project Arduino\Bluetooth-Arduino-Remote02\build\/lib_duemilanove328_16.a(SPP.cpp.o)
                0x00002bae                non-virtual thunk to SPP::write(unsigned char)
 .text._ZN3SPP5writeEh
                0x00002bb6       0x30 E:\bahan mata kuliah politeknik telkom\ganjil 2013-2014\Sistem Interoperabilitas\Project Arduino\Bluetooth-Arduino-Remote02\build\/lib_duemilanove328_16.a(SPP.cpp.o)
                0x00002bb6                SPP::write(unsigned char)
 .text._ZThn2_N3SPP9availableEv
                0x00002be6        0x8 E:\bahan mata kuliah politeknik telkom\ganjil 2013-2014\Sistem Interoperabilitas\Project Arduino\Bluetooth-Arduino-Remote02\build\/lib_duemilanove328_16.a(SPP.cpp.o)
                0x00002be6                non-virtual thunk to SPP::available()
 .text._ZN3SPP9availableEv
                0x00002bee        0xc E:\bahan mata kuliah politeknik telkom\ganjil 2013-2014\Sistem Interoperabilitas\Project Arduino\Bluetooth-Arduino-Remote02\build\/lib_duemilanove328_16.a(SPP.cpp.o)
                0x00002bee                SPP::available()
 .text._ZThn2_N3SPP4peekEv
                0x00002bfa        0x8 E:\bahan mata kuliah politeknik telkom\ganjil 2013-2014\Sistem Interoperabilitas\Project Arduino\Bluetooth-Arduino-Remote02\build\/lib_duemilanove328_16.a(SPP.cpp.o)
                0x00002bfa                non-virtual thunk to SPP::peek()
 .text._ZN3SPP4peekEv
                0x00002c02       0x24 E:\bahan mata kuliah politeknik telkom\ganjil 2013-2014\Sistem Interoperabilitas\Project Arduino\Bluetooth-Arduino-Remote02\build\/lib_duemilanove328_16.a(SPP.cpp.o)
                0x00002c02                SPP::peek()
 .text._ZN3SPP14RFCOMM_CommandEPhh
                0x00002c26       0x36 E:\bahan mata kuliah politeknik telkom\ganjil 2013-2014\Sistem Interoperabilitas\Project Arduino\Bluetooth-Arduino-Remote02\build\/lib_duemilanove328_16.a(SPP.cpp.o)
                0x00002c26                SPP::RFCOMM_Command(unsigned char*, unsigned char)
 .text._ZN3SPP4sendEv
                0x00002c5c       0xbe E:\bahan mata kuliah politeknik telkom\ganjil 2013-2014\Sistem Interoperabilitas\Project Arduino\Bluetooth-Arduino-Remote02\build\/lib_duemilanove328_16.a(SPP.cpp.o)
                0x00002c5c                SPP::send()
 .text._ZThn2_N3SPP5flushEv
                0x00002d1a        0x8 E:\bahan mata kuliah politeknik telkom\ganjil 2013-2014\Sistem Interoperabilitas\Project Arduino\Bluetooth-Arduino-Remote02\build\/lib_duemilanove328_16.a(SPP.cpp.o)
                0x00002d1a                non-virtual thunk to SPP::flush()
 .text._ZN3SPP5flushEv
                0x00002d22        0x6 E:\bahan mata kuliah politeknik telkom\ganjil 2013-2014\Sistem Interoperabilitas\Project Arduino\Bluetooth-Arduino-Remote02\build\/lib_duemilanove328_16.a(SPP.cpp.o)
                0x00002d22                SPP::flush()
 .text._ZThn2_N3SPP5writeEPKhj
                0x00002d28        0x8 E:\bahan mata kuliah politeknik telkom\ganjil 2013-2014\Sistem Interoperabilitas\Project Arduino\Bluetooth-Arduino-Remote02\build\/lib_duemilanove328_16.a(SPP.cpp.o)
                0x00002d28                non-virtual thunk to SPP::write(unsigned char const*, unsigned int)
 .text._ZN3SPP5writeEPKhj
                0x00002d30       0x76 E:\bahan mata kuliah politeknik telkom\ganjil 2013-2014\Sistem Interoperabilitas\Project Arduino\Bluetooth-Arduino-Remote02\build\/lib_duemilanove328_16.a(SPP.cpp.o)
                0x00002d30                SPP::write(unsigned char const*, unsigned int)
 .text._ZN3SPP16sendRfcommCreditEhhhhhh
                0x00002da6       0x4c E:\bahan mata kuliah politeknik telkom\ganjil 2013-2014\Sistem Interoperabilitas\Project Arduino\Bluetooth-Arduino-Remote02\build\/lib_duemilanove328_16.a(SPP.cpp.o)
                0x00002da6                SPP::sendRfcommCredit(unsigned char, unsigned char, unsigned char, unsigned char, unsigned char, unsigned char)
 .text._ZThn2_N3SPP4readEv
                0x00002df2        0x8 E:\bahan mata kuliah politeknik telkom\ganjil 2013-2014\Sistem Interoperabilitas\Project Arduino\Bluetooth-Arduino-Remote02\build\/lib_duemilanove328_16.a(SPP.cpp.o)
                0x00002df2                non-virtual thunk to SPP::read()
 .text._ZN3SPP4readEv
                0x00002dfa       0x92 E:\bahan mata kuliah politeknik telkom\ganjil 2013-2014\Sistem Interoperabilitas\Project Arduino\Bluetooth-Arduino-Remote02\build\/lib_duemilanove328_16.a(SPP.cpp.o)
                0x00002dfa                SPP::read()
 .text._ZN3SPP10sendRfcommEhhhhhPhh
                0x00002e8c       0x7e E:\bahan mata kuliah politeknik telkom\ganjil 2013-2014\Sistem Interoperabilitas\Project Arduino\Bluetooth-Arduino-Remote02\build\/lib_duemilanove328_16.a(SPP.cpp.o)
                0x00002e8c                SPP::sendRfcomm(unsigned char, unsigned char, unsigned char, unsigned char, unsigned char, unsigned char*, unsigned char)
 .text._ZN3SPP11SDP_CommandEPhh
                0x00002f0a       0x36 E:\bahan mata kuliah politeknik telkom\ganjil 2013-2014\Sistem Interoperabilitas\Project Arduino\Bluetooth-Arduino-Remote02\build\/lib_duemilanove328_16.a(SPP.cpp.o)
                0x00002f0a                SPP::SDP_Command(unsigned char*, unsigned char)
 .text._ZN3SPP19serialPortResponse2Ehh
                0x00002f40       0x74 E:\bahan mata kuliah politeknik telkom\ganjil 2013-2014\Sistem Interoperabilitas\Project Arduino\Bluetooth-Arduino-Remote02\build\/lib_duemilanove328_16.a(SPP.cpp.o)
                0x00002f40                SPP::serialPortResponse2(unsigned char, unsigned char)
 .text._ZN3SPP19serialPortResponse1Ehh
                0x00002fb4       0x9e E:\bahan mata kuliah politeknik telkom\ganjil 2013-2014\Sistem Interoperabilitas\Project Arduino\Bluetooth-Arduino-Remote02\build\/lib_duemilanove328_16.a(SPP.cpp.o)
                0x00002fb4                SPP::serialPortResponse1(unsigned char, unsigned char)
 .text._ZN3SPP19serviceNotSupportedEhh
                0x00003052       0x2c E:\bahan mata kuliah politeknik telkom\ganjil 2013-2014\Sistem Interoperabilitas\Project Arduino\Bluetooth-Arduino-Remote02\build\/lib_duemilanove328_16.a(SPP.cpp.o)
                0x00003052                SPP::serviceNotSupported(unsigned char, unsigned char)
 .text._ZN3SPP11RFCOMM_taskEv
                0x0000307e      0x162 E:\bahan mata kuliah politeknik telkom\ganjil 2013-2014\Sistem Interoperabilitas\Project Arduino\Bluetooth-Arduino-Remote02\build\/lib_duemilanove328_16.a(SPP.cpp.o)
                0x0000307e                SPP::RFCOMM_task()
 .text._ZN3SPP8SDP_taskEv
                0x000031e0      0x194 E:\bahan mata kuliah politeknik telkom\ganjil 2013-2014\Sistem Interoperabilitas\Project Arduino\Bluetooth-Arduino-Remote02\build\/lib_duemilanove328_16.a(SPP.cpp.o)
                0x000031e0                SPP::SDP_task()
 .text._ZN3SPP3RunEv
                0x00003374       0x6a E:\bahan mata kuliah politeknik telkom\ganjil 2013-2014\Sistem Interoperabilitas\Project Arduino\Bluetooth-Arduino-Remote02\build\/lib_duemilanove328_16.a(SPP.cpp.o)
                0x00003374                SPP::Run()
 .text._ZN3SPP7ACLDataEPh
                0x000033de      0xabc E:\bahan mata kuliah politeknik telkom\ganjil 2013-2014\Sistem Interoperabilitas\Project Arduino\Bluetooth-Arduino-Remote02\build\/lib_duemilanove328_16.a(SPP.cpp.o)
                0x000033de                SPP::ACLData(unsigned char*)
 .text._ZN3SPP10disconnectEv
                0x00003e9a       0x72 E:\bahan mata kuliah politeknik telkom\ganjil 2013-2014\Sistem Interoperabilitas\Project Arduino\Bluetooth-Arduino-Remote02\build\/lib_duemilanove328_16.a(SPP.cpp.o)
                0x00003e9a                SPP::disconnect()
 .text._ZN15AddressPoolImplILh16EEC1Ev
                0x00003f0c       0x54 E:\bahan mata kuliah politeknik telkom\ganjil 2013-2014\Sistem Interoperabilitas\Project Arduino\Bluetooth-Arduino-Remote02\build\/lib_duemilanove328_16.a(Usb.cpp.o)
                0x00003f0c                AddressPoolImpl<(unsigned char)16>::AddressPoolImpl()
 .text._ZN3USBC1Ev
                0x00003f60       0x1e E:\bahan mata kuliah politeknik telkom\ganjil 2013-2014\Sistem Interoperabilitas\Project Arduino\Bluetooth-Arduino-Remote02\build\/lib_duemilanove328_16.a(Usb.cpp.o)
                0x00003f60                USB::USB()
 .text._ZN15AddressPoolImplILh16EE15GetUsbDevicePtrEh
                0x00003f7e       0x3a E:\bahan mata kuliah politeknik telkom\ganjil 2013-2014\Sistem Interoperabilitas\Project Arduino\Bluetooth-Arduino-Remote02\build\/lib_duemilanove328_16.a(Usb.cpp.o)
                0x00003f7e                AddressPoolImpl<(unsigned char)16>::GetUsbDevicePtr(unsigned char)
 .text._ZN3USB14setEpInfoEntryEhhP6EpInfo
                0x00003fb8       0x3a E:\bahan mata kuliah politeknik telkom\ganjil 2013-2014\Sistem Interoperabilitas\Project Arduino\Bluetooth-Arduino-Remote02\build\/lib_duemilanove328_16.a(Usb.cpp.o)
                0x00003fb8                USB::setEpInfoEntry(unsigned char, unsigned char, EpInfo*)
 .text._ZN3USB14getEpInfoEntryEhh
                0x00003ff2       0x38 E:\bahan mata kuliah politeknik telkom\ganjil 2013-2014\Sistem Interoperabilitas\Project Arduino\Bluetooth-Arduino-Remote02\build\/lib_duemilanove328_16.a(Usb.cpp.o)
                0x00003ff2                USB::getEpInfoEntry(unsigned char, unsigned char)
 .text._ZN3USB10SetAddressEhhPP6EpInfoRj
                0x0000402a       0xda E:\bahan mata kuliah politeknik telkom\ganjil 2013-2014\Sistem Interoperabilitas\Project Arduino\Bluetooth-Arduino-Remote02\build\/lib_duemilanove328_16.a(Usb.cpp.o)
                0x0000402a                USB::SetAddress(unsigned char, unsigned char, EpInfo**, unsigned int&)
 .text._ZN15AddressPoolImplILh16EE12AllocAddressEhbh
                0x00004104       0xf2 E:\bahan mata kuliah politeknik telkom\ganjil 2013-2014\Sistem Interoperabilitas\Project Arduino\Bluetooth-Arduino-Remote02\build\/lib_duemilanove328_16.a(Usb.cpp.o)
                0x00004104                AddressPoolImpl<(unsigned char)16>::AllocAddress(unsigned char, bool, unsigned char)
 .text._ZN8MAX3421eI4TPinI5PortbLh2EES0_IS1_Lh1EEE10IntHandlerEv
                0x000041f6       0x9a E:\bahan mata kuliah politeknik telkom\ganjil 2013-2014\Sistem Interoperabilitas\Project Arduino\Bluetooth-Arduino-Remote02\build\/lib_duemilanove328_16.a(Usb.cpp.o)
                0x000041f6                MAX3421e<TPin<Portb, (unsigned char)2>, TPin<Portb, (unsigned char)1> >::IntHandler()
 .text._ZN15AddressPoolImplILh16EE18FreeAddressByIndexEh
                0x00004290       0xc6 E:\bahan mata kuliah politeknik telkom\ganjil 2013-2014\Sistem Interoperabilitas\Project Arduino\Bluetooth-Arduino-Remote02\build\/lib_duemilanove328_16.a(Usb.cpp.o)
                0x00004290                AddressPoolImpl<(unsigned char)16>::FreeAddressByIndex(unsigned char)
 .text._ZN15AddressPoolImplILh16EE11FreeAddressEh
                0x00004356       0x48 E:\bahan mata kuliah politeknik telkom\ganjil 2013-2014\Sistem Interoperabilitas\Project Arduino\Bluetooth-Arduino-Remote02\build\/lib_duemilanove328_16.a(Usb.cpp.o)
                0x00004356                AddressPoolImpl<(unsigned char)16>::FreeAddress(unsigned char)
 .text._ZN3USB13AttemptConfigEhhhb
                0x0000439e      0x144 E:\bahan mata kuliah politeknik telkom\ganjil 2013-2014\Sistem Interoperabilitas\Project Arduino\Bluetooth-Arduino-Remote02\build\/lib_duemilanove328_16.a(Usb.cpp.o)
                0x0000439e                USB::AttemptConfig(unsigned char, unsigned char, unsigned char, bool)
 .text._ZN3USB11dispatchPktEhhj
                0x000044e2       0xd6 E:\bahan mata kuliah politeknik telkom\ganjil 2013-2014\Sistem Interoperabilitas\Project Arduino\Bluetooth-Arduino-Remote02\build\/lib_duemilanove328_16.a(Usb.cpp.o)
                0x000044e2                USB::dispatchPkt(unsigned char, unsigned char, unsigned int)
 .text._ZN3USB10InTransferEP6EpInfojPjPh
                0x000045b8      0x194 E:\bahan mata kuliah politeknik telkom\ganjil 2013-2014\Sistem Interoperabilitas\Project Arduino\Bluetooth-Arduino-Remote02\build\/lib_duemilanove328_16.a(Usb.cpp.o)
                0x000045b8                USB::InTransfer(EpInfo*, unsigned int, unsigned int*, unsigned char*)
 .text._ZN3USB10inTransferEhhPjPh
                0x0000474c       0x6e E:\bahan mata kuliah politeknik telkom\ganjil 2013-2014\Sistem Interoperabilitas\Project Arduino\Bluetooth-Arduino-Remote02\build\/lib_duemilanove328_16.a(Usb.cpp.o)
                0x0000474c                USB::inTransfer(unsigned char, unsigned char, unsigned int*, unsigned char*)
 .text._ZN3USB11OutTransferEP6EpInfojjPh
                0x000047ba      0x276 E:\bahan mata kuliah politeknik telkom\ganjil 2013-2014\Sistem Interoperabilitas\Project Arduino\Bluetooth-Arduino-Remote02\build\/lib_duemilanove328_16.a(Usb.cpp.o)
                0x000047ba                USB::OutTransfer(EpInfo*, unsigned int, unsigned int, unsigned char*)
 .text._ZN3USB11outTransferEhhjPh
                0x00004a30       0x6e E:\bahan mata kuliah politeknik telkom\ganjil 2013-2014\Sistem Interoperabilitas\Project Arduino\Bluetooth-Arduino-Remote02\build\/lib_duemilanove328_16.a(Usb.cpp.o)
                0x00004a30                USB::outTransfer(unsigned char, unsigned char, unsigned int, unsigned char*)
 .text._ZN3USB7ctrlReqEhhhhhhjjjPhP13USBReadParser
                0x00004a9e      0x1f6 E:\bahan mata kuliah politeknik telkom\ganjil 2013-2014\Sistem Interoperabilitas\Project Arduino\Bluetooth-Arduino-Remote02\build\/lib_duemilanove328_16.a(Usb.cpp.o)
                0x00004a9e                USB::ctrlReq(unsigned char, unsigned char, unsigned char, unsigned char, unsigned char, unsigned char, unsigned int, unsigned int, unsigned int, unsigned char*, USBReadParser*)
 .text._ZN3USB7setConfEhhh
                0x00004c94       0x64 E:\bahan mata kuliah politeknik telkom\ganjil 2013-2014\Sistem Interoperabilitas\Project Arduino\Bluetooth-Arduino-Remote02\build\/lib_duemilanove328_16.a(Usb.cpp.o)
                0x00004c94                USB::setConf(unsigned char, unsigned char, unsigned char)
 .text._ZN3USB7setAddrEhhh
                0x00004cf8       0x64 E:\bahan mata kuliah politeknik telkom\ganjil 2013-2014\Sistem Interoperabilitas\Project Arduino\Bluetooth-Arduino-Remote02\build\/lib_duemilanove328_16.a(Usb.cpp.o)
                0x00004cf8                USB::setAddr(unsigned char, unsigned char, unsigned char)
 .text._ZN3USB17DefaultAddressingEhhb
                0x00004d5c       0x88 E:\bahan mata kuliah politeknik telkom\ganjil 2013-2014\Sistem Interoperabilitas\Project Arduino\Bluetooth-Arduino-Remote02\build\/lib_duemilanove328_16.a(Usb.cpp.o)
                0x00004d5c                USB::DefaultAddressing(unsigned char, unsigned char, bool)
 .text._ZN3USB12getConfDescrEhhjhPh
                0x00004de4       0x6a E:\bahan mata kuliah politeknik telkom\ganjil 2013-2014\Sistem Interoperabilitas\Project Arduino\Bluetooth-Arduino-Remote02\build\/lib_duemilanove328_16.a(Usb.cpp.o)
                0x00004de4                USB::getConfDescr(unsigned char, unsigned char, unsigned int, unsigned char, unsigned char*)
 .text._ZN3USB12getConfDescrEhhhP13USBReadParser
                0x00004e4e       0xda E:\bahan mata kuliah politeknik telkom\ganjil 2013-2014\Sistem Interoperabilitas\Project Arduino\Bluetooth-Arduino-Remote02\build\/lib_duemilanove328_16.a(Usb.cpp.o)
                0x00004e4e                USB::getConfDescr(unsigned char, unsigned char, unsigned char, USBReadParser*)
 .text._ZN3USB11getDevDescrEhhjPh
                0x00004f28       0x68 E:\bahan mata kuliah politeknik telkom\ganjil 2013-2014\Sistem Interoperabilitas\Project Arduino\Bluetooth-Arduino-Remote02\build\/lib_duemilanove328_16.a(Usb.cpp.o)
                0x00004f28                USB::getDevDescr(unsigned char, unsigned char, unsigned int, unsigned char*)
 .text._ZN3USB11ConfiguringEhhb
                0x00004f90      0x1f4 E:\bahan mata kuliah politeknik telkom\ganjil 2013-2014\Sistem Interoperabilitas\Project Arduino\Bluetooth-Arduino-Remote02\build\/lib_duemilanove328_16.a(Usb.cpp.o)
                0x00004f90                USB::Configuring(unsigned char, unsigned char, bool)
 .text._ZN3USB4TaskEv
                0x00005184      0x212 E:\bahan mata kuliah politeknik telkom\ganjil 2013-2014\Sistem Interoperabilitas\Project Arduino\Bluetooth-Arduino-Remote02\build\/lib_duemilanove328_16.a(Usb.cpp.o)
                0x00005184                USB::Task()
 .text._Z11serialEventv
                0x00005396        0x2 E:\bahan mata kuliah politeknik telkom\ganjil 2013-2014\Sistem Interoperabilitas\Project Arduino\Bluetooth-Arduino-Remote02\build\/core_duemilanove328_16.a(HardwareSerial.cpp.o)
                0x00005396                serialEvent()
 .text.__vector_18
                0x00005398       0x76 E:\bahan mata kuliah politeknik telkom\ganjil 2013-2014\Sistem Interoperabilitas\Project Arduino\Bluetooth-Arduino-Remote02\build\/core_duemilanove328_16.a(HardwareSerial.cpp.o)
                0x00005398                __vector_18
 .text._Z14serialEventRunv
                0x0000540e       0x26 E:\bahan mata kuliah politeknik telkom\ganjil 2013-2014\Sistem Interoperabilitas\Project Arduino\Bluetooth-Arduino-Remote02\build\/core_duemilanove328_16.a(HardwareSerial.cpp.o)
                0x0000540e                serialEventRun()
 .text.__vector_19
                0x00005434       0x76 E:\bahan mata kuliah politeknik telkom\ganjil 2013-2014\Sistem Interoperabilitas\Project Arduino\Bluetooth-Arduino-Remote02\build\/core_duemilanove328_16.a(HardwareSerial.cpp.o)
                0x00005434                __vector_19
 .text._ZN14HardwareSerial5beginEm
                0x000054aa      0x10e E:\bahan mata kuliah politeknik telkom\ganjil 2013-2014\Sistem Interoperabilitas\Project Arduino\Bluetooth-Arduino-Remote02\build\/core_duemilanove328_16.a(HardwareSerial.cpp.o)
                0x000054aa                HardwareSerial::begin(unsigned long)
 .text._ZN14HardwareSerial9availableEv
                0x000055b8       0x22 E:\bahan mata kuliah politeknik telkom\ganjil 2013-2014\Sistem Interoperabilitas\Project Arduino\Bluetooth-Arduino-Remote02\build\/core_duemilanove328_16.a(HardwareSerial.cpp.o)
                0x000055b8                HardwareSerial::available()
 .text._ZN14HardwareSerial4peekEv
                0x000055da       0x40 E:\bahan mata kuliah politeknik telkom\ganjil 2013-2014\Sistem Interoperabilitas\Project Arduino\Bluetooth-Arduino-Remote02\build\/core_duemilanove328_16.a(HardwareSerial.cpp.o)
                0x000055da                HardwareSerial::peek()
 .text._ZN14HardwareSerial4readEv
                0x0000561a       0x52 E:\bahan mata kuliah politeknik telkom\ganjil 2013-2014\Sistem Interoperabilitas\Project Arduino\Bluetooth-Arduino-Remote02\build\/core_duemilanove328_16.a(HardwareSerial.cpp.o)
                0x0000561a                HardwareSerial::read()
 .text._ZN14HardwareSerial5flushEv
                0x0000566c       0x20 E:\bahan mata kuliah politeknik telkom\ganjil 2013-2014\Sistem Interoperabilitas\Project Arduino\Bluetooth-Arduino-Remote02\build\/core_duemilanove328_16.a(HardwareSerial.cpp.o)
                0x0000566c                HardwareSerial::flush()
 .text._ZN14HardwareSerial5writeEh
                0x0000568c       0x80 E:\bahan mata kuliah politeknik telkom\ganjil 2013-2014\Sistem Interoperabilitas\Project Arduino\Bluetooth-Arduino-Remote02\build\/core_duemilanove328_16.a(HardwareSerial.cpp.o)
                0x0000568c                HardwareSerial::write(unsigned char)
 .text._GLOBAL__I_rx_buffer
                0x0000570c       0xac E:\bahan mata kuliah politeknik telkom\ganjil 2013-2014\Sistem Interoperabilitas\Project Arduino\Bluetooth-Arduino-Remote02\build\/core_duemilanove328_16.a(HardwareSerial.cpp.o)
 .text.main     0x000057b8       0x1e E:\bahan mata kuliah politeknik telkom\ganjil 2013-2014\Sistem Interoperabilitas\Project Arduino\Bluetooth-Arduino-Remote02\build\/core_duemilanove328_16.a(main.cpp.o)
                0x000057b8                main
 .text._ZN5Print5writeEPKhj
                0x000057d6       0x54 E:\bahan mata kuliah politeknik telkom\ganjil 2013-2014\Sistem Interoperabilitas\Project Arduino\Bluetooth-Arduino-Remote02\build\/core_duemilanove328_16.a(Print.cpp.o)
                0x000057d6                Print::write(unsigned char const*, unsigned int)
 .text._ZN5Print5printEc
                0x0000582a       0x10 E:\bahan mata kuliah politeknik telkom\ganjil 2013-2014\Sistem Interoperabilitas\Project Arduino\Bluetooth-Arduino-Remote02\build\/core_duemilanove328_16.a(Print.cpp.o)
                0x0000582a                Print::print(char)
 .text._ZN5Print7printlnEv
                0x0000583a       0x40 E:\bahan mata kuliah politeknik telkom\ganjil 2013-2014\Sistem Interoperabilitas\Project Arduino\Bluetooth-Arduino-Remote02\build\/core_duemilanove328_16.a(Print.cpp.o)
                0x0000583a                Print::println()
 .text._ZN5Print5writeEPKc
                0x0000587a       0x38 E:\bahan mata kuliah politeknik telkom\ganjil 2013-2014\Sistem Interoperabilitas\Project Arduino\Bluetooth-Arduino-Remote02\build\/core_duemilanove328_16.a(Print.cpp.o)
                0x0000587a                Print::write(char const*)
 .text._ZN5Print5printEPKc
                0x000058b2        0x6 E:\bahan mata kuliah politeknik telkom\ganjil 2013-2014\Sistem Interoperabilitas\Project Arduino\Bluetooth-Arduino-Remote02\build\/core_duemilanove328_16.a(Print.cpp.o)
                0x000058b2                Print::print(char const*)
 .text._ZN5Print7printlnEPKc
                0x000058b8       0x26 E:\bahan mata kuliah politeknik telkom\ganjil 2013-2014\Sistem Interoperabilitas\Project Arduino\Bluetooth-Arduino-Remote02\build\/core_duemilanove328_16.a(Print.cpp.o)
                0x000058b8                Print::println(char const*)
 .text.__vector_16
                0x000058de       0x90 E:\bahan mata kuliah politeknik telkom\ganjil 2013-2014\Sistem Interoperabilitas\Project Arduino\Bluetooth-Arduino-Remote02\build\/core_duemilanove328_16.a(wiring.c.o)
                0x000058de                __vector_16
 .text.millis   0x0000596e       0x1c E:\bahan mata kuliah politeknik telkom\ganjil 2013-2014\Sistem Interoperabilitas\Project Arduino\Bluetooth-Arduino-Remote02\build\/core_duemilanove328_16.a(wiring.c.o)
                0x0000596e                millis
 .text.micros   0x0000598a       0x4c E:\bahan mata kuliah politeknik telkom\ganjil 2013-2014\Sistem Interoperabilitas\Project Arduino\Bluetooth-Arduino-Remote02\build\/core_duemilanove328_16.a(wiring.c.o)
                0x0000598a                micros
 .text.delay    0x000059d6       0x4c E:\bahan mata kuliah politeknik telkom\ganjil 2013-2014\Sistem Interoperabilitas\Project Arduino\Bluetooth-Arduino-Remote02\build\/core_duemilanove328_16.a(wiring.c.o)
                0x000059d6                delay
 .text.init     0x00005a22       0x76 E:\bahan mata kuliah politeknik telkom\ganjil 2013-2014\Sistem Interoperabilitas\Project Arduino\Bluetooth-Arduino-Remote02\build\/core_duemilanove328_16.a(wiring.c.o)
                0x00005a22                init
 .text.pinMode  0x00005a98       0x7e E:\bahan mata kuliah politeknik telkom\ganjil 2013-2014\Sistem Interoperabilitas\Project Arduino\Bluetooth-Arduino-Remote02\build\/core_duemilanove328_16.a(wiring_digital.c.o)
                0x00005a98                pinMode
 .text.turnOffPWM
                0x00005b16       0x5a E:\bahan mata kuliah politeknik telkom\ganjil 2013-2014\Sistem Interoperabilitas\Project Arduino\Bluetooth-Arduino-Remote02\build\/core_duemilanove328_16.a(wiring_digital.c.o)
 .text.digitalWrite
                0x00005b70       0x66 E:\bahan mata kuliah politeknik telkom\ganjil 2013-2014\Sistem Interoperabilitas\Project Arduino\Bluetooth-Arduino-Remote02\build\/core_duemilanove328_16.a(wiring_digital.c.o)
                0x00005b70                digitalWrite
 .text.libgcc   0x00005bd6       0x44 e:/codeblocks-arduino baru/codeblocks/bin/../lib/gcc/avr/4.3.3/avr5\libgcc.a(_udivmodsi4.o)
                0x00005bd6                __udivmodsi4
 .text.libgcc   0x00005c1a        0xc e:/codeblocks-arduino baru/codeblocks/bin/../lib/gcc/avr/4.3.3/avr5\libgcc.a(_tablejump.o)
                0x00005c1e                __tablejump__
                0x00005c1a                __tablejump2__
                0x00005c26                . = ALIGN (0x2)
 *(.fini9)
 .fini9         0x00005c26        0x0 e:/codeblocks-arduino baru/codeblocks/bin/../lib/gcc/avr/4.3.3/avr5\libgcc.a(_exit.o)
                0x00005c26                exit
                0x00005c26                _exit
 *(.fini9)
 *(.fini8)
 *(.fini8)
 *(.fini7)
 *(.fini7)
 *(.fini6)
 *(.fini6)
 *(.fini5)
 *(.fini5)
 *(.fini4)
 *(.fini4)
 *(.fini3)
 *(.fini3)
 *(.fini2)
 *(.fini2)
 *(.fini1)
 *(.fini1)
 *(.fini0)
 .fini0         0x00005c26        0x4 e:/codeblocks-arduino baru/codeblocks/bin/../lib/gcc/avr/4.3.3/avr5\libgcc.a(_exit.o)
 *(.fini0)
                0x00005c2a                _etext = .

.data           0x00800100      0x104 load address 0x00005c2a
                0x00800100                PROVIDE (__data_start, .)
 *(.data)
 .data          0x00800100       0x54 build\Bluetooth-Arduino-Remote02.o
 .data          0x00800154       0x37 E:\bahan mata kuliah politeknik telkom\ganjil 2013-2014\Sistem Interoperabilitas\Project Arduino\Bluetooth-Arduino-Remote02\build\/lib_duemilanove328_16.a(BTD.cpp.o)
 *(.data*)
 .data.pin1     0x0080018b        0x2 build\Bluetooth-Arduino-Remote02.o
                0x0080018b                pin1
 .data.pin2     0x0080018d        0x2 build\Bluetooth-Arduino-Remote02.o
                0x0080018d                pin2
 .data.pin3     0x0080018f        0x2 build\Bluetooth-Arduino-Remote02.o
                0x0080018f                pin3
 .data.pin4     0x00800191        0x2 build\Bluetooth-Arduino-Remote02.o
                0x00800191                pin4
 .data.pin5     0x00800193        0x2 build\Bluetooth-Arduino-Remote02.o
                0x00800193                pin5
 .data.pin6     0x00800195        0x2 build\Bluetooth-Arduino-Remote02.o
                0x00800195                pin6
 *(.rodata)
 *(.rodata*)
 .rodata._ZTV3BTD
                0x00800197       0x1e E:\bahan mata kuliah politeknik telkom\ganjil 2013-2014\Sistem Interoperabilitas\Project Arduino\Bluetooth-Arduino-Remote02\build\/lib_duemilanove328_16.a(BTD.cpp.o)
                0x00800197                vtable for BTD
 .rodata._ZTV16ConfigDescParserILh255ELh1ELh1ELh7EE
                0x008001b5        0x6 E:\bahan mata kuliah politeknik telkom\ganjil 2013-2014\Sistem Interoperabilitas\Project Arduino\Bluetooth-Arduino-Remote02\build\/lib_duemilanove328_16.a(BTD.cpp.o)
                0x008001b5                vtable for ConfigDescParser<(unsigned char)255, (unsigned char)1, (unsigned char)1, (unsigned char)7>
 .rodata._ZTV16ConfigDescParserILh224ELh1ELh1ELh7EE
                0x008001bb        0x6 E:\bahan mata kuliah politeknik telkom\ganjil 2013-2014\Sistem Interoperabilitas\Project Arduino\Bluetooth-Arduino-Remote02\build\/lib_duemilanove328_16.a(BTD.cpp.o)
                0x008001bb                vtable for ConfigDescParser<(unsigned char)224, (unsigned char)1, (unsigned char)1, (unsigned char)7>
 .rodata._ZTV3SPP
                0x008001c1       0x28 E:\bahan mata kuliah politeknik telkom\ganjil 2013-2014\Sistem Interoperabilitas\Project Arduino\Bluetooth-Arduino-Remote02\build\/lib_duemilanove328_16.a(SPP.cpp.o)
                0x008001c1                vtable for SPP
 .rodata._ZTV15AddressPoolImplILh16EE
                0x008001e9        0xa E:\bahan mata kuliah politeknik telkom\ganjil 2013-2014\Sistem Interoperabilitas\Project Arduino\Bluetooth-Arduino-Remote02\build\/lib_duemilanove328_16.a(Usb.cpp.o)
                0x008001e9                vtable for AddressPoolImpl<(unsigned char)16>
 .rodata._ZTV14HardwareSerial
                0x008001f3       0x10 E:\bahan mata kuliah politeknik telkom\ganjil 2013-2014\Sistem Interoperabilitas\Project Arduino\Bluetooth-Arduino-Remote02\build\/core_duemilanove328_16.a(HardwareSerial.cpp.o)
                0x008001f3                vtable for HardwareSerial
 *(.gnu.linkonce.d*)
                0x00800204                . = ALIGN (0x2)
 *fill*         0x00800203        0x1 00
                0x00800204                _edata = .
                0x00800204                PROVIDE (__data_end, .)

.bss            0x00800204      0x374
                0x00800204                PROVIDE (__bss_start, .)
 *(.bss)
 *(.bss*)
 .bss.Usb       0x00800204       0x77 build\Bluetooth-Arduino-Remote02.o
                0x00800204                Usb
 .bss.Btd       0x0080027b       0xf9 build\Bluetooth-Arduino-Remote02.o
                0x0080027b                Btd
 .bss.SerialBT  0x00800374      0x144 build\Bluetooth-Arduino-Remote02.o
                0x00800374                SerialBT
 .bss.val       0x008004b8        0x4 build\Bluetooth-Arduino-Remote02.o
                0x008004b8                val
 .bss.index     0x008004bc        0x2 build\Bluetooth-Arduino-Remote02.o
                0x008004bc                index
 .bss._ZN8MAX3421eI4TPinI5PortbLh2EES0_IS1_Lh1EEE9vbusStateE
                0x008004be        0x1 build\Bluetooth-Arduino-Remote02.o
                0x008004be                MAX3421e<TPin<Portb, (unsigned char)2>, TPin<Portb, (unsigned char)1> >::vbusState
 .bss._ZL14usb_task_state
                0x008004bf        0x1 E:\bahan mata kuliah politeknik telkom\ganjil 2013-2014\Sistem Interoperabilitas\Project Arduino\Bluetooth-Arduino-Remote02\build\/lib_duemilanove328_16.a(Usb.cpp.o)
 .bss._ZL9usb_error
                0x008004c0        0x1 E:\bahan mata kuliah politeknik telkom\ganjil 2013-2014\Sistem Interoperabilitas\Project Arduino\Bluetooth-Arduino-Remote02\build\/lib_duemilanove328_16.a(Usb.cpp.o)
 .bss._ZZN3USB4TaskEvE5delay
                0x008004c1        0x4 E:\bahan mata kuliah politeknik telkom\ganjil 2013-2014\Sistem Interoperabilitas\Project Arduino\Bluetooth-Arduino-Remote02\build\/lib_duemilanove328_16.a(Usb.cpp.o)
 .bss.rx_buffer
                0x008004c5       0x44 E:\bahan mata kuliah politeknik telkom\ganjil 2013-2014\Sistem Interoperabilitas\Project Arduino\Bluetooth-Arduino-Remote02\build\/core_duemilanove328_16.a(HardwareSerial.cpp.o)
                0x008004c5                rx_buffer
 .bss.tx_buffer
                0x00800509       0x44 E:\bahan mata kuliah politeknik telkom\ganjil 2013-2014\Sistem Interoperabilitas\Project Arduino\Bluetooth-Arduino-Remote02\build\/core_duemilanove328_16.a(HardwareSerial.cpp.o)
                0x00800509                tx_buffer
 .bss.Serial    0x0080054d       0x22 E:\bahan mata kuliah politeknik telkom\ganjil 2013-2014\Sistem Interoperabilitas\Project Arduino\Bluetooth-Arduino-Remote02\build\/core_duemilanove328_16.a(HardwareSerial.cpp.o)
                0x0080054d                Serial
 .bss.timer0_overflow_count
                0x0080056f        0x4 E:\bahan mata kuliah politeknik telkom\ganjil 2013-2014\Sistem Interoperabilitas\Project Arduino\Bluetooth-Arduino-Remote02\build\/core_duemilanove328_16.a(wiring.c.o)
                0x0080056f                timer0_overflow_count
 .bss.timer0_millis
                0x00800573        0x4 E:\bahan mata kuliah politeknik telkom\ganjil 2013-2014\Sistem Interoperabilitas\Project Arduino\Bluetooth-Arduino-Remote02\build\/core_duemilanove328_16.a(wiring.c.o)
                0x00800573                timer0_millis
 .bss.timer0_fract
                0x00800577        0x1 E:\bahan mata kuliah politeknik telkom\ganjil 2013-2014\Sistem Interoperabilitas\Project Arduino\Bluetooth-Arduino-Remote02\build\/core_duemilanove328_16.a(wiring.c.o)
 *(COMMON)
                0x00800578                PROVIDE (__bss_end, .)
                0x00005c2a                __data_load_start = LOADADDR (.data)
                0x00005d2e                __data_load_end = (__data_load_start + SIZEOF (.data))

.noinit         0x00800578        0x0
                0x00800578                PROVIDE (__noinit_start, .)
 *(.noinit*)
                0x00800578                PROVIDE (__noinit_end, .)
                0x00800578                _end = .
                0x00800578                PROVIDE (__heap_start, .)

.eeprom         0x00810000        0x0
 *(.eeprom*)
                0x00810000                __eeprom_end = .

.fuse
 *(.fuse)
 *(.lfuse)
 *(.hfuse)
 *(.efuse)

.lock
 *(.lock*)

.signature
 *(.signature*)

.stab
 *(.stab)

.stabstr
 *(.stabstr)

.stab.excl
 *(.stab.excl)

.stab.exclstr
 *(.stab.exclstr)

.stab.index
 *(.stab.index)

.stab.indexstr
 *(.stab.indexstr)

.comment
 *(.comment)

.debug
 *(.debug)

.line
 *(.line)

.debug_srcinfo
 *(.debug_srcinfo)

.debug_sfnames
 *(.debug_sfnames)

.debug_aranges
 *(.debug_aranges)

.debug_pubnames
 *(.debug_pubnames)

.debug_info
 *(.debug_info)
 *(.gnu.linkonce.wi.*)

.debug_abbrev
 *(.debug_abbrev)

.debug_line
 *(.debug_line)

.debug_frame
 *(.debug_frame)

.debug_str
 *(.debug_str)

.debug_loc
 *(.debug_loc)

.debug_macinfo
 *(.debug_macinfo)
OUTPUT(build\Bluetooth-Arduino-Remote02_duemilanove328.elf elf32-avr)
LOAD linker stubs

Cross Reference Table

Symbol                                            File
AddressPoolImpl<(unsigned char)16>::AddressPoolImpl() E:\bahan mata kuliah politeknik telkom\ganjil 2013-2014\Sistem Interoperabilitas\Project Arduino\Bluetooth-Arduino-Remote02\build\/lib_duemilanove328_16.a(Usb.cpp.o)
AddressPoolImpl<(unsigned char)16>::AllocAddress(unsigned char, bool, unsigned char) E:\bahan mata kuliah politeknik telkom\ganjil 2013-2014\Sistem Interoperabilitas\Project Arduino\Bluetooth-Arduino-Remote02\build\/lib_duemilanove328_16.a(Usb.cpp.o)
AddressPoolImpl<(unsigned char)16>::FreeAddress(unsigned char) E:\bahan mata kuliah politeknik telkom\ganjil 2013-2014\Sistem Interoperabilitas\Project Arduino\Bluetooth-Arduino-Remote02\build\/lib_duemilanove328_16.a(Usb.cpp.o)
AddressPoolImpl<(unsigned char)16>::FreeAddressByIndex(unsigned char) E:\bahan mata kuliah politeknik telkom\ganjil 2013-2014\Sistem Interoperabilitas\Project Arduino\Bluetooth-Arduino-Remote02\build\/lib_duemilanove328_16.a(Usb.cpp.o)
AddressPoolImpl<(unsigned char)16>::GetUsbDevicePtr(unsigned char) E:\bahan mata kuliah politeknik telkom\ganjil 2013-2014\Sistem Interoperabilitas\Project Arduino\Bluetooth-Arduino-Remote02\build\/lib_duemilanove328_16.a(Usb.cpp.o)
BTD::ACL_event_task()                             E:\bahan mata kuliah politeknik telkom\ganjil 2013-2014\Sistem Interoperabilitas\Project Arduino\Bluetooth-Arduino-Remote02\build\/lib_duemilanove328_16.a(BTD.cpp.o)
BTD::BTD(USB*)                                    E:\bahan mata kuliah politeknik telkom\ganjil 2013-2014\Sistem Interoperabilitas\Project Arduino\Bluetooth-Arduino-Remote02\build\/lib_duemilanove328_16.a(BTD.cpp.o)
BTD::BTD(USB*)                                    E:\bahan mata kuliah politeknik telkom\ganjil 2013-2014\Sistem Interoperabilitas\Project Arduino\Bluetooth-Arduino-Remote02\build\/lib_duemilanove328_16.a(BTD.cpp.o)
                                                  build\Bluetooth-Arduino-Remote02.o
BTD::BTD_CONTROL_PIPE                             E:\bahan mata kuliah politeknik telkom\ganjil 2013-2014\Sistem Interoperabilitas\Project Arduino\Bluetooth-Arduino-Remote02\build\/lib_duemilanove328_16.a(BTD.cpp.o)
BTD::BTD_DATAIN_PIPE                              E:\bahan mata kuliah politeknik telkom\ganjil 2013-2014\Sistem Interoperabilitas\Project Arduino\Bluetooth-Arduino-Remote02\build\/lib_duemilanove328_16.a(BTD.cpp.o)
BTD::BTD_DATAOUT_PIPE                             E:\bahan mata kuliah politeknik telkom\ganjil 2013-2014\Sistem Interoperabilitas\Project Arduino\Bluetooth-Arduino-Remote02\build\/lib_duemilanove328_16.a(BTD.cpp.o)
BTD::BTD_EVENT_PIPE                               E:\bahan mata kuliah politeknik telkom\ganjil 2013-2014\Sistem Interoperabilitas\Project Arduino\Bluetooth-Arduino-Remote02\build\/lib_duemilanove328_16.a(BTD.cpp.o)
BTD::ConfigureDevice(unsigned char, unsigned char, bool) E:\bahan mata kuliah politeknik telkom\ganjil 2013-2014\Sistem Interoperabilitas\Project Arduino\Bluetooth-Arduino-Remote02\build\/lib_duemilanove328_16.a(BTD.cpp.o)
BTD::DEVCLASSOK(unsigned char)                    E:\bahan mata kuliah politeknik telkom\ganjil 2013-2014\Sistem Interoperabilitas\Project Arduino\Bluetooth-Arduino-Remote02\build\/lib_duemilanove328_16.a(BTD.cpp.o)
BTD::EndpointXtract(unsigned char, unsigned char, unsigned char, unsigned char, USB_ENDPOINT_DESCRIPTOR const*) E:\bahan mata kuliah politeknik telkom\ganjil 2013-2014\Sistem Interoperabilitas\Project Arduino\Bluetooth-Arduino-Remote02\build\/lib_duemilanove328_16.a(BTD.cpp.o)
BTD::GetAddress()                                 E:\bahan mata kuliah politeknik telkom\ganjil 2013-2014\Sistem Interoperabilitas\Project Arduino\Bluetooth-Arduino-Remote02\build\/lib_duemilanove328_16.a(BTD.cpp.o)
BTD::HCI_Command(unsigned char*, unsigned int)    E:\bahan mata kuliah politeknik telkom\ganjil 2013-2014\Sistem Interoperabilitas\Project Arduino\Bluetooth-Arduino-Remote02\build\/lib_duemilanove328_16.a(BTD.cpp.o)
BTD::HCI_event_task()                             E:\bahan mata kuliah politeknik telkom\ganjil 2013-2014\Sistem Interoperabilitas\Project Arduino\Bluetooth-Arduino-Remote02\build\/lib_duemilanove328_16.a(BTD.cpp.o)
BTD::HCI_task()                                   E:\bahan mata kuliah politeknik telkom\ganjil 2013-2014\Sistem Interoperabilitas\Project Arduino\Bluetooth-Arduino-Remote02\build\/lib_duemilanove328_16.a(BTD.cpp.o)
BTD::Init(unsigned char, unsigned char, bool)     E:\bahan mata kuliah politeknik telkom\ganjil 2013-2014\Sistem Interoperabilitas\Project Arduino\Bluetooth-Arduino-Remote02\build\/lib_duemilanove328_16.a(BTD.cpp.o)
BTD::L2CAP_Command(unsigned int, unsigned char*, unsigned char, unsigned char, unsigned char) E:\bahan mata kuliah politeknik telkom\ganjil 2013-2014\Sistem Interoperabilitas\Project Arduino\Bluetooth-Arduino-Remote02\build\/lib_duemilanove328_16.a(BTD.cpp.o)
                                                  E:\bahan mata kuliah politeknik telkom\ganjil 2013-2014\Sistem Interoperabilitas\Project Arduino\Bluetooth-Arduino-Remote02\build\/lib_duemilanove328_16.a(SPP.cpp.o)
BTD::Poll()                                       E:\bahan mata kuliah politeknik telkom\ganjil 2013-2014\Sistem Interoperabilitas\Project Arduino\Bluetooth-Arduino-Remote02\build\/lib_duemilanove328_16.a(BTD.cpp.o)
BTD::PrintEndpointDescriptor(USB_ENDPOINT_DESCRIPTOR const*) E:\bahan mata kuliah politeknik telkom\ganjil 2013-2014\Sistem Interoperabilitas\Project Arduino\Bluetooth-Arduino-Remote02\build\/lib_duemilanove328_16.a(BTD.cpp.o)
BTD::Release()                                    E:\bahan mata kuliah politeknik telkom\ganjil 2013-2014\Sistem Interoperabilitas\Project Arduino\Bluetooth-Arduino-Remote02\build\/lib_duemilanove328_16.a(BTD.cpp.o)
BTD::VIDPIDOK(unsigned int, unsigned int)         E:\bahan mata kuliah politeknik telkom\ganjil 2013-2014\Sistem Interoperabilitas\Project Arduino\Bluetooth-Arduino-Remote02\build\/lib_duemilanove328_16.a(BTD.cpp.o)
BTD::clearAllVariables()                          E:\bahan mata kuliah politeknik telkom\ganjil 2013-2014\Sistem Interoperabilitas\Project Arduino\Bluetooth-Arduino-Remote02\build\/lib_duemilanove328_16.a(BTD.cpp.o)
BTD::hci_accept_connection()                      E:\bahan mata kuliah politeknik telkom\ganjil 2013-2014\Sistem Interoperabilitas\Project Arduino\Bluetooth-Arduino-Remote02\build\/lib_duemilanove328_16.a(BTD.cpp.o)
BTD::hci_authentication_request()                 E:\bahan mata kuliah politeknik telkom\ganjil 2013-2014\Sistem Interoperabilitas\Project Arduino\Bluetooth-Arduino-Remote02\build\/lib_duemilanove328_16.a(BTD.cpp.o)
BTD::hci_connect()                                E:\bahan mata kuliah politeknik telkom\ganjil 2013-2014\Sistem Interoperabilitas\Project Arduino\Bluetooth-Arduino-Remote02\build\/lib_duemilanove328_16.a(BTD.cpp.o)
BTD::hci_connect(unsigned char*)                  E:\bahan mata kuliah politeknik telkom\ganjil 2013-2014\Sistem Interoperabilitas\Project Arduino\Bluetooth-Arduino-Remote02\build\/lib_duemilanove328_16.a(BTD.cpp.o)
BTD::hci_disconnect(unsigned int)                 E:\bahan mata kuliah politeknik telkom\ganjil 2013-2014\Sistem Interoperabilitas\Project Arduino\Bluetooth-Arduino-Remote02\build\/lib_duemilanove328_16.a(BTD.cpp.o)
                                                  E:\bahan mata kuliah politeknik telkom\ganjil 2013-2014\Sistem Interoperabilitas\Project Arduino\Bluetooth-Arduino-Remote02\build\/lib_duemilanove328_16.a(SPP.cpp.o)
BTD::hci_inquiry()                                E:\bahan mata kuliah politeknik telkom\ganjil 2013-2014\Sistem Interoperabilitas\Project Arduino\Bluetooth-Arduino-Remote02\build\/lib_duemilanove328_16.a(BTD.cpp.o)
BTD::hci_inquiry_cancel()                         E:\bahan mata kuliah politeknik telkom\ganjil 2013-2014\Sistem Interoperabilitas\Project Arduino\Bluetooth-Arduino-Remote02\build\/lib_duemilanove328_16.a(BTD.cpp.o)
BTD::hci_link_key_request_negative_reply()        E:\bahan mata kuliah politeknik telkom\ganjil 2013-2014\Sistem Interoperabilitas\Project Arduino\Bluetooth-Arduino-Remote02\build\/lib_duemilanove328_16.a(BTD.cpp.o)
BTD::hci_pin_code_negative_request_reply()        E:\bahan mata kuliah politeknik telkom\ganjil 2013-2014\Sistem Interoperabilitas\Project Arduino\Bluetooth-Arduino-Remote02\build\/lib_duemilanove328_16.a(BTD.cpp.o)
BTD::hci_pin_code_request_reply()                 E:\bahan mata kuliah politeknik telkom\ganjil 2013-2014\Sistem Interoperabilitas\Project Arduino\Bluetooth-Arduino-Remote02\build\/lib_duemilanove328_16.a(BTD.cpp.o)
BTD::hci_read_bdaddr()                            E:\bahan mata kuliah politeknik telkom\ganjil 2013-2014\Sistem Interoperabilitas\Project Arduino\Bluetooth-Arduino-Remote02\build\/lib_duemilanove328_16.a(BTD.cpp.o)
BTD::hci_read_local_version_information()         E:\bahan mata kuliah politeknik telkom\ganjil 2013-2014\Sistem Interoperabilitas\Project Arduino\Bluetooth-Arduino-Remote02\build\/lib_duemilanove328_16.a(BTD.cpp.o)
BTD::hci_remote_name()                            E:\bahan mata kuliah politeknik telkom\ganjil 2013-2014\Sistem Interoperabilitas\Project Arduino\Bluetooth-Arduino-Remote02\build\/lib_duemilanove328_16.a(BTD.cpp.o)
BTD::hci_reset()                                  E:\bahan mata kuliah politeknik telkom\ganjil 2013-2014\Sistem Interoperabilitas\Project Arduino\Bluetooth-Arduino-Remote02\build\/lib_duemilanove328_16.a(BTD.cpp.o)
BTD::hci_set_local_name(char const*)              E:\bahan mata kuliah politeknik telkom\ganjil 2013-2014\Sistem Interoperabilitas\Project Arduino\Bluetooth-Arduino-Remote02\build\/lib_duemilanove328_16.a(BTD.cpp.o)
BTD::hci_write_class_of_device()                  E:\bahan mata kuliah politeknik telkom\ganjil 2013-2014\Sistem Interoperabilitas\Project Arduino\Bluetooth-Arduino-Remote02\build\/lib_duemilanove328_16.a(BTD.cpp.o)
BTD::hci_write_scan_disable()                     E:\bahan mata kuliah politeknik telkom\ganjil 2013-2014\Sistem Interoperabilitas\Project Arduino\Bluetooth-Arduino-Remote02\build\/lib_duemilanove328_16.a(BTD.cpp.o)
BTD::hci_write_scan_enable()                      E:\bahan mata kuliah politeknik telkom\ganjil 2013-2014\Sistem Interoperabilitas\Project Arduino\Bluetooth-Arduino-Remote02\build\/lib_duemilanove328_16.a(BTD.cpp.o)
BTD::isReady()                                    E:\bahan mata kuliah politeknik telkom\ganjil 2013-2014\Sistem Interoperabilitas\Project Arduino\Bluetooth-Arduino-Remote02\build\/lib_duemilanove328_16.a(BTD.cpp.o)
BTD::l2cap_config_request(unsigned int, unsigned char, unsigned char*) E:\bahan mata kuliah politeknik telkom\ganjil 2013-2014\Sistem Interoperabilitas\Project Arduino\Bluetooth-Arduino-Remote02\build\/lib_duemilanove328_16.a(BTD.cpp.o)
                                                  E:\bahan mata kuliah politeknik telkom\ganjil 2013-2014\Sistem Interoperabilitas\Project Arduino\Bluetooth-Arduino-Remote02\build\/lib_duemilanove328_16.a(SPP.cpp.o)
BTD::l2cap_config_response(unsigned int, unsigned char, unsigned char*) E:\bahan mata kuliah politeknik telkom\ganjil 2013-2014\Sistem Interoperabilitas\Project Arduino\Bluetooth-Arduino-Remote02\build\/lib_duemilanove328_16.a(BTD.cpp.o)
                                                  E:\bahan mata kuliah politeknik telkom\ganjil 2013-2014\Sistem Interoperabilitas\Project Arduino\Bluetooth-Arduino-Remote02\build\/lib_duemilanove328_16.a(SPP.cpp.o)
BTD::l2cap_connection_request(unsigned int, unsigned char, unsigned char*, unsigned int) E:\bahan mata kuliah politeknik telkom\ganjil 2013-2014\Sistem Interoperabilitas\Project Arduino\Bluetooth-Arduino-Remote02\build\/lib_duemilanove328_16.a(BTD.cpp.o)
BTD::l2cap_connection_response(unsigned int, unsigned char, unsigned char*, unsigned char*, unsigned char) E:\bahan mata kuliah politeknik telkom\ganjil 2013-2014\Sistem Interoperabilitas\Project Arduino\Bluetooth-Arduino-Remote02\build\/lib_duemilanove328_16.a(BTD.cpp.o)
                                                  E:\bahan mata kuliah politeknik telkom\ganjil 2013-2014\Sistem Interoperabilitas\Project Arduino\Bluetooth-Arduino-Remote02\build\/lib_duemilanove328_16.a(SPP.cpp.o)
BTD::l2cap_disconnection_request(unsigned int, unsigned char, unsigned char*, unsigned char*) E:\bahan mata kuliah politeknik telkom\ganjil 2013-2014\Sistem Interoperabilitas\Project Arduino\Bluetooth-Arduino-Remote02\build\/lib_duemilanove328_16.a(BTD.cpp.o)
                                                  E:\bahan mata kuliah politeknik telkom\ganjil 2013-2014\Sistem Interoperabilitas\Project Arduino\Bluetooth-Arduino-Remote02\build\/lib_duemilanove328_16.a(SPP.cpp.o)
BTD::l2cap_disconnection_response(unsigned int, unsigned char, unsigned char*, unsigned char*) E:\bahan mata kuliah politeknik telkom\ganjil 2013-2014\Sistem Interoperabilitas\Project Arduino\Bluetooth-Arduino-Remote02\build\/lib_duemilanove328_16.a(BTD.cpp.o)
                                                  E:\bahan mata kuliah politeknik telkom\ganjil 2013-2014\Sistem Interoperabilitas\Project Arduino\Bluetooth-Arduino-Remote02\build\/lib_duemilanove328_16.a(SPP.cpp.o)
BTD::l2cap_information_response(unsigned int, unsigned char, unsigned char, unsigned char) E:\bahan mata kuliah politeknik telkom\ganjil 2013-2014\Sistem Interoperabilitas\Project Arduino\Bluetooth-Arduino-Remote02\build\/lib_duemilanove328_16.a(BTD.cpp.o)
                                                  E:\bahan mata kuliah politeknik telkom\ganjil 2013-2014\Sistem Interoperabilitas\Project Arduino\Bluetooth-Arduino-Remote02\build\/lib_duemilanove328_16.a(SPP.cpp.o)
BTD::setBdaddr(unsigned char*)                    E:\bahan mata kuliah politeknik telkom\ganjil 2013-2014\Sistem Interoperabilitas\Project Arduino\Bluetooth-Arduino-Remote02\build\/lib_duemilanove328_16.a(BTD.cpp.o)
BTD::setMoveBdaddr(unsigned char*)                E:\bahan mata kuliah politeknik telkom\ganjil 2013-2014\Sistem Interoperabilitas\Project Arduino\Bluetooth-Arduino-Remote02\build\/lib_duemilanove328_16.a(BTD.cpp.o)
Btd                                               build\Bluetooth-Arduino-Remote02.o
ByteSkipper::Skip(unsigned char**, unsigned int*, unsigned int) E:\bahan mata kuliah politeknik telkom\ganjil 2013-2014\Sistem Interoperabilitas\Project Arduino\Bluetooth-Arduino-Remote02\build\/lib_duemilanove328_16.a(BTD.cpp.o)
ConfigDescParser<(unsigned char)224, (unsigned char)1, (unsigned char)1, (unsigned char)7>::Parse(unsigned int, unsigned char const*, unsigned int const&) E:\bahan mata kuliah politeknik telkom\ganjil 2013-2014\Sistem Interoperabilitas\Project Arduino\Bluetooth-Arduino-Remote02\build\/lib_duemilanove328_16.a(BTD.cpp.o)
ConfigDescParser<(unsigned char)224, (unsigned char)1, (unsigned char)1, (unsigned char)7>::ParseDescriptor(unsigned char**, unsigned int*) E:\bahan mata kuliah politeknik telkom\ganjil 2013-2014\Sistem Interoperabilitas\Project Arduino\Bluetooth-Arduino-Remote02\build\/lib_duemilanove328_16.a(BTD.cpp.o)
ConfigDescParser<(unsigned char)255, (unsigned char)1, (unsigned char)1, (unsigned char)7>::Parse(unsigned int, unsigned char const*, unsigned int const&) E:\bahan mata kuliah politeknik telkom\ganjil 2013-2014\Sistem Interoperabilitas\Project Arduino\Bluetooth-Arduino-Remote02\build\/lib_duemilanove328_16.a(BTD.cpp.o)
ConfigDescParser<(unsigned char)255, (unsigned char)1, (unsigned char)1, (unsigned char)7>::ParseDescriptor(unsigned char**, unsigned int*) E:\bahan mata kuliah politeknik telkom\ganjil 2013-2014\Sistem Interoperabilitas\Project Arduino\Bluetooth-Arduino-Remote02\build\/lib_duemilanove328_16.a(BTD.cpp.o)
HardwareSerial::HardwareSerial(ring_buffer*, ring_buffer*, unsigned char volatile*, unsigned char volatile*, unsigned char volatile*, unsigned char volatile*, unsigned char volatile*, unsigned char volatile*, unsigned char, unsigned char, unsigned char, unsigned char, unsigned char) E:\bahan mata kuliah politeknik telkom\ganjil 2013-2014\Sistem Interoperabilitas\Project Arduino\Bluetooth-Arduino-Remote02\build\/core_duemilanove328_16.a(HardwareSerial.cpp.o)
HardwareSerial::HardwareSerial(ring_buffer*, ring_buffer*, unsigned char volatile*, unsigned char volatile*, unsigned char volatile*, unsigned char volatile*, unsigned char volatile*, unsigned char volatile*, unsigned char, unsigned char, unsigned char, unsigned char, unsigned char) E:\bahan mata kuliah politeknik telkom\ganjil 2013-2014\Sistem Interoperabilitas\Project Arduino\Bluetooth-Arduino-Remote02\build\/core_duemilanove328_16.a(HardwareSerial.cpp.o)
HardwareSerial::available()                       E:\bahan mata kuliah politeknik telkom\ganjil 2013-2014\Sistem Interoperabilitas\Project Arduino\Bluetooth-Arduino-Remote02\build\/core_duemilanove328_16.a(HardwareSerial.cpp.o)
HardwareSerial::begin(unsigned long)              E:\bahan mata kuliah politeknik telkom\ganjil 2013-2014\Sistem Interoperabilitas\Project Arduino\Bluetooth-Arduino-Remote02\build\/core_duemilanove328_16.a(HardwareSerial.cpp.o)
                                                  build\Bluetooth-Arduino-Remote02.o
HardwareSerial::begin(unsigned long, unsigned char) E:\bahan mata kuliah politeknik telkom\ganjil 2013-2014\Sistem Interoperabilitas\Project Arduino\Bluetooth-Arduino-Remote02\build\/core_duemilanove328_16.a(HardwareSerial.cpp.o)
HardwareSerial::end()                             E:\bahan mata kuliah politeknik telkom\ganjil 2013-2014\Sistem Interoperabilitas\Project Arduino\Bluetooth-Arduino-Remote02\build\/core_duemilanove328_16.a(HardwareSerial.cpp.o)
HardwareSerial::flush()                           E:\bahan mata kuliah politeknik telkom\ganjil 2013-2014\Sistem Interoperabilitas\Project Arduino\Bluetooth-Arduino-Remote02\build\/core_duemilanove328_16.a(HardwareSerial.cpp.o)
HardwareSerial::operator bool()                   E:\bahan mata kuliah politeknik telkom\ganjil 2013-2014\Sistem Interoperabilitas\Project Arduino\Bluetooth-Arduino-Remote02\build\/core_duemilanove328_16.a(HardwareSerial.cpp.o)
HardwareSerial::peek()                            E:\bahan mata kuliah politeknik telkom\ganjil 2013-2014\Sistem Interoperabilitas\Project Arduino\Bluetooth-Arduino-Remote02\build\/core_duemilanove328_16.a(HardwareSerial.cpp.o)
HardwareSerial::read()                            E:\bahan mata kuliah politeknik telkom\ganjil 2013-2014\Sistem Interoperabilitas\Project Arduino\Bluetooth-Arduino-Remote02\build\/core_duemilanove328_16.a(HardwareSerial.cpp.o)
HardwareSerial::write(unsigned char)              E:\bahan mata kuliah politeknik telkom\ganjil 2013-2014\Sistem Interoperabilitas\Project Arduino\Bluetooth-Arduino-Remote02\build\/core_duemilanove328_16.a(HardwareSerial.cpp.o)
MAX3421e<TPin<Portb, (unsigned char)2>, TPin<Portb, (unsigned char)1> >::Init() build\Bluetooth-Arduino-Remote02.o
MAX3421e<TPin<Portb, (unsigned char)2>, TPin<Portb, (unsigned char)1> >::IntHandler() E:\bahan mata kuliah politeknik telkom\ganjil 2013-2014\Sistem Interoperabilitas\Project Arduino\Bluetooth-Arduino-Remote02\build\/lib_duemilanove328_16.a(Usb.cpp.o)
MAX3421e<TPin<Portb, (unsigned char)2>, TPin<Portb, (unsigned char)1> >::regRd(unsigned char) build\Bluetooth-Arduino-Remote02.o
MAX3421e<TPin<Portb, (unsigned char)2>, TPin<Portb, (unsigned char)1> >::regWr(unsigned char, unsigned char) build\Bluetooth-Arduino-Remote02.o
MAX3421e<TPin<Portb, (unsigned char)2>, TPin<Portb, (unsigned char)1> >::vbusState build\Bluetooth-Arduino-Remote02.o
MultiByteValueParser::Parse(unsigned char**, unsigned int*) E:\bahan mata kuliah politeknik telkom\ganjil 2013-2014\Sistem Interoperabilitas\Project Arduino\Bluetooth-Arduino-Remote02\build\/lib_duemilanove328_16.a(parsetools.cpp.o)
                                                  E:\bahan mata kuliah politeknik telkom\ganjil 2013-2014\Sistem Interoperabilitas\Project Arduino\Bluetooth-Arduino-Remote02\build\/lib_duemilanove328_16.a(BTD.cpp.o)
PTPListParser::Parse(unsigned char**, unsigned int*, void (*)(MultiValueBuffer const*, unsigned long, void const*), void const*) E:\bahan mata kuliah politeknik telkom\ganjil 2013-2014\Sistem Interoperabilitas\Project Arduino\Bluetooth-Arduino-Remote02\build\/lib_duemilanove328_16.a(parsetools.cpp.o)
Print::print(Printable const&)                    E:\bahan mata kuliah politeknik telkom\ganjil 2013-2014\Sistem Interoperabilitas\Project Arduino\Bluetooth-Arduino-Remote02\build\/core_duemilanove328_16.a(Print.cpp.o)
Print::print(String const&)                       E:\bahan mata kuliah politeknik telkom\ganjil 2013-2014\Sistem Interoperabilitas\Project Arduino\Bluetooth-Arduino-Remote02\build\/core_duemilanove328_16.a(Print.cpp.o)
Print::print(__FlashStringHelper const*)          E:\bahan mata kuliah politeknik telkom\ganjil 2013-2014\Sistem Interoperabilitas\Project Arduino\Bluetooth-Arduino-Remote02\build\/core_duemilanove328_16.a(Print.cpp.o)
Print::print(char const*)                         E:\bahan mata kuliah politeknik telkom\ganjil 2013-2014\Sistem Interoperabilitas\Project Arduino\Bluetooth-Arduino-Remote02\build\/core_duemilanove328_16.a(Print.cpp.o)
                                                  build\Bluetooth-Arduino-Remote02.o
Print::print(char)                                E:\bahan mata kuliah politeknik telkom\ganjil 2013-2014\Sistem Interoperabilitas\Project Arduino\Bluetooth-Arduino-Remote02\build\/core_duemilanove328_16.a(Print.cpp.o)
                                                  build\Bluetooth-Arduino-Remote02.o
Print::print(double, int)                         E:\bahan mata kuliah politeknik telkom\ganjil 2013-2014\Sistem Interoperabilitas\Project Arduino\Bluetooth-Arduino-Remote02\build\/core_duemilanove328_16.a(Print.cpp.o)
Print::print(int, int)                            E:\bahan mata kuliah politeknik telkom\ganjil 2013-2014\Sistem Interoperabilitas\Project Arduino\Bluetooth-Arduino-Remote02\build\/core_duemilanove328_16.a(Print.cpp.o)
Print::print(long, int)                           E:\bahan mata kuliah politeknik telkom\ganjil 2013-2014\Sistem Interoperabilitas\Project Arduino\Bluetooth-Arduino-Remote02\build\/core_duemilanove328_16.a(Print.cpp.o)
Print::print(unsigned char, int)                  E:\bahan mata kuliah politeknik telkom\ganjil 2013-2014\Sistem Interoperabilitas\Project Arduino\Bluetooth-Arduino-Remote02\build\/core_duemilanove328_16.a(Print.cpp.o)
Print::print(unsigned int, int)                   E:\bahan mata kuliah politeknik telkom\ganjil 2013-2014\Sistem Interoperabilitas\Project Arduino\Bluetooth-Arduino-Remote02\build\/core_duemilanove328_16.a(Print.cpp.o)
Print::print(unsigned long, int)                  E:\bahan mata kuliah politeknik telkom\ganjil 2013-2014\Sistem Interoperabilitas\Project Arduino\Bluetooth-Arduino-Remote02\build\/core_duemilanove328_16.a(Print.cpp.o)
Print::printFloat(double, unsigned char)          E:\bahan mata kuliah politeknik telkom\ganjil 2013-2014\Sistem Interoperabilitas\Project Arduino\Bluetooth-Arduino-Remote02\build\/core_duemilanove328_16.a(Print.cpp.o)
Print::printNumber(unsigned long, unsigned char)  E:\bahan mata kuliah politeknik telkom\ganjil 2013-2014\Sistem Interoperabilitas\Project Arduino\Bluetooth-Arduino-Remote02\build\/core_duemilanove328_16.a(Print.cpp.o)
Print::println()                                  E:\bahan mata kuliah politeknik telkom\ganjil 2013-2014\Sistem Interoperabilitas\Project Arduino\Bluetooth-Arduino-Remote02\build\/core_duemilanove328_16.a(Print.cpp.o)
Print::println(Printable const&)                  E:\bahan mata kuliah politeknik telkom\ganjil 2013-2014\Sistem Interoperabilitas\Project Arduino\Bluetooth-Arduino-Remote02\build\/core_duemilanove328_16.a(Print.cpp.o)
Print::println(String const&)                     E:\bahan mata kuliah politeknik telkom\ganjil 2013-2014\Sistem Interoperabilitas\Project Arduino\Bluetooth-Arduino-Remote02\build\/core_duemilanove328_16.a(Print.cpp.o)
Print::println(__FlashStringHelper const*)        E:\bahan mata kuliah politeknik telkom\ganjil 2013-2014\Sistem Interoperabilitas\Project Arduino\Bluetooth-Arduino-Remote02\build\/core_duemilanove328_16.a(Print.cpp.o)
Print::println(char const*)                       E:\bahan mata kuliah politeknik telkom\ganjil 2013-2014\Sistem Interoperabilitas\Project Arduino\Bluetooth-Arduino-Remote02\build\/core_duemilanove328_16.a(Print.cpp.o)
                                                  build\Bluetooth-Arduino-Remote02.o
Print::println(char)                              E:\bahan mata kuliah politeknik telkom\ganjil 2013-2014\Sistem Interoperabilitas\Project Arduino\Bluetooth-Arduino-Remote02\build\/core_duemilanove328_16.a(Print.cpp.o)
Print::println(double, int)                       E:\bahan mata kuliah politeknik telkom\ganjil 2013-2014\Sistem Interoperabilitas\Project Arduino\Bluetooth-Arduino-Remote02\build\/core_duemilanove328_16.a(Print.cpp.o)
Print::println(int, int)                          E:\bahan mata kuliah politeknik telkom\ganjil 2013-2014\Sistem Interoperabilitas\Project Arduino\Bluetooth-Arduino-Remote02\build\/core_duemilanove328_16.a(Print.cpp.o)
Print::println(long, int)                         E:\bahan mata kuliah politeknik telkom\ganjil 2013-2014\Sistem Interoperabilitas\Project Arduino\Bluetooth-Arduino-Remote02\build\/core_duemilanove328_16.a(Print.cpp.o)
Print::println(unsigned char, int)                E:\bahan mata kuliah politeknik telkom\ganjil 2013-2014\Sistem Interoperabilitas\Project Arduino\Bluetooth-Arduino-Remote02\build\/core_duemilanove328_16.a(Print.cpp.o)
Print::println(unsigned int, int)                 E:\bahan mata kuliah politeknik telkom\ganjil 2013-2014\Sistem Interoperabilitas\Project Arduino\Bluetooth-Arduino-Remote02\build\/core_duemilanove328_16.a(Print.cpp.o)
Print::println(unsigned long, int)                E:\bahan mata kuliah politeknik telkom\ganjil 2013-2014\Sistem Interoperabilitas\Project Arduino\Bluetooth-Arduino-Remote02\build\/core_duemilanove328_16.a(Print.cpp.o)
Print::write(char const*)                         E:\bahan mata kuliah politeknik telkom\ganjil 2013-2014\Sistem Interoperabilitas\Project Arduino\Bluetooth-Arduino-Remote02\build\/core_duemilanove328_16.a(Print.cpp.o)
Print::write(unsigned char const*, unsigned int)  E:\bahan mata kuliah politeknik telkom\ganjil 2013-2014\Sistem Interoperabilitas\Project Arduino\Bluetooth-Arduino-Remote02\build\/core_duemilanove328_16.a(Print.cpp.o)
                                                  E:\bahan mata kuliah politeknik telkom\ganjil 2013-2014\Sistem Interoperabilitas\Project Arduino\Bluetooth-Arduino-Remote02\build\/core_duemilanove328_16.a(HardwareSerial.cpp.o)
                                                  E:\bahan mata kuliah politeknik telkom\ganjil 2013-2014\Sistem Interoperabilitas\Project Arduino\Bluetooth-Arduino-Remote02\build\/lib_duemilanove328_16.a(SPP.cpp.o)
SPP::ACLData(unsigned char*)                      E:\bahan mata kuliah politeknik telkom\ganjil 2013-2014\Sistem Interoperabilitas\Project Arduino\Bluetooth-Arduino-Remote02\build\/lib_duemilanove328_16.a(SPP.cpp.o)
SPP::RFCOMM_Command(unsigned char*, unsigned char) E:\bahan mata kuliah politeknik telkom\ganjil 2013-2014\Sistem Interoperabilitas\Project Arduino\Bluetooth-Arduino-Remote02\build\/lib_duemilanove328_16.a(SPP.cpp.o)
SPP::RFCOMM_task()                                E:\bahan mata kuliah politeknik telkom\ganjil 2013-2014\Sistem Interoperabilitas\Project Arduino\Bluetooth-Arduino-Remote02\build\/lib_duemilanove328_16.a(SPP.cpp.o)
SPP::Reset()                                      E:\bahan mata kuliah politeknik telkom\ganjil 2013-2014\Sistem Interoperabilitas\Project Arduino\Bluetooth-Arduino-Remote02\build\/lib_duemilanove328_16.a(SPP.cpp.o)
SPP::Run()                                        E:\bahan mata kuliah politeknik telkom\ganjil 2013-2014\Sistem Interoperabilitas\Project Arduino\Bluetooth-Arduino-Remote02\build\/lib_duemilanove328_16.a(SPP.cpp.o)
SPP::SDP_Command(unsigned char*, unsigned char)   E:\bahan mata kuliah politeknik telkom\ganjil 2013-2014\Sistem Interoperabilitas\Project Arduino\Bluetooth-Arduino-Remote02\build\/lib_duemilanove328_16.a(SPP.cpp.o)
SPP::SDP_task()                                   E:\bahan mata kuliah politeknik telkom\ganjil 2013-2014\Sistem Interoperabilitas\Project Arduino\Bluetooth-Arduino-Remote02\build\/lib_duemilanove328_16.a(SPP.cpp.o)
SPP::SPP(BTD*, char const*, char const*)          E:\bahan mata kuliah politeknik telkom\ganjil 2013-2014\Sistem Interoperabilitas\Project Arduino\Bluetooth-Arduino-Remote02\build\/lib_duemilanove328_16.a(SPP.cpp.o)
SPP::SPP(BTD*, char const*, char const*)          E:\bahan mata kuliah politeknik telkom\ganjil 2013-2014\Sistem Interoperabilitas\Project Arduino\Bluetooth-Arduino-Remote02\build\/lib_duemilanove328_16.a(SPP.cpp.o)
                                                  build\Bluetooth-Arduino-Remote02.o
SPP::available()                                  E:\bahan mata kuliah politeknik telkom\ganjil 2013-2014\Sistem Interoperabilitas\Project Arduino\Bluetooth-Arduino-Remote02\build\/lib_duemilanove328_16.a(SPP.cpp.o)
                                                  build\Bluetooth-Arduino-Remote02.o
SPP::calcFcs(unsigned char*)                      E:\bahan mata kuliah politeknik telkom\ganjil 2013-2014\Sistem Interoperabilitas\Project Arduino\Bluetooth-Arduino-Remote02\build\/lib_duemilanove328_16.a(SPP.cpp.o)
SPP::checkFcs(unsigned char*, unsigned char)      E:\bahan mata kuliah politeknik telkom\ganjil 2013-2014\Sistem Interoperabilitas\Project Arduino\Bluetooth-Arduino-Remote02\build\/lib_duemilanove328_16.a(SPP.cpp.o)
SPP::crc(unsigned char*)                          E:\bahan mata kuliah politeknik telkom\ganjil 2013-2014\Sistem Interoperabilitas\Project Arduino\Bluetooth-Arduino-Remote02\build\/lib_duemilanove328_16.a(SPP.cpp.o)
SPP::discard()                                    E:\bahan mata kuliah politeknik telkom\ganjil 2013-2014\Sistem Interoperabilitas\Project Arduino\Bluetooth-Arduino-Remote02\build\/lib_duemilanove328_16.a(SPP.cpp.o)
SPP::disconnect()                                 E:\bahan mata kuliah politeknik telkom\ganjil 2013-2014\Sistem Interoperabilitas\Project Arduino\Bluetooth-Arduino-Remote02\build\/lib_duemilanove328_16.a(SPP.cpp.o)
SPP::flush()                                      E:\bahan mata kuliah politeknik telkom\ganjil 2013-2014\Sistem Interoperabilitas\Project Arduino\Bluetooth-Arduino-Remote02\build\/lib_duemilanove328_16.a(SPP.cpp.o)
SPP::l2capResponse1(unsigned char, unsigned char) E:\bahan mata kuliah politeknik telkom\ganjil 2013-2014\Sistem Interoperabilitas\Project Arduino\Bluetooth-Arduino-Remote02\build\/lib_duemilanove328_16.a(SPP.cpp.o)
SPP::l2capResponse2(unsigned char, unsigned char) E:\bahan mata kuliah politeknik telkom\ganjil 2013-2014\Sistem Interoperabilitas\Project Arduino\Bluetooth-Arduino-Remote02\build\/lib_duemilanove328_16.a(SPP.cpp.o)
SPP::peek()                                       E:\bahan mata kuliah politeknik telkom\ganjil 2013-2014\Sistem Interoperabilitas\Project Arduino\Bluetooth-Arduino-Remote02\build\/lib_duemilanove328_16.a(SPP.cpp.o)
SPP::read()                                       E:\bahan mata kuliah politeknik telkom\ganjil 2013-2014\Sistem Interoperabilitas\Project Arduino\Bluetooth-Arduino-Remote02\build\/lib_duemilanove328_16.a(SPP.cpp.o)
                                                  build\Bluetooth-Arduino-Remote02.o
SPP::send()                                       E:\bahan mata kuliah politeknik telkom\ganjil 2013-2014\Sistem Interoperabilitas\Project Arduino\Bluetooth-Arduino-Remote02\build\/lib_duemilanove328_16.a(SPP.cpp.o)
SPP::sendRfcomm(unsigned char, unsigned char, unsigned char, unsigned char, unsigned char, unsigned char*, unsigned char) E:\bahan mata kuliah politeknik telkom\ganjil 2013-2014\Sistem Interoperabilitas\Project Arduino\Bluetooth-Arduino-Remote02\build\/lib_duemilanove328_16.a(SPP.cpp.o)
SPP::sendRfcommCredit(unsigned char, unsigned char, unsigned char, unsigned char, unsigned char, unsigned char) E:\bahan mata kuliah politeknik telkom\ganjil 2013-2014\Sistem Interoperabilitas\Project Arduino\Bluetooth-Arduino-Remote02\build\/lib_duemilanove328_16.a(SPP.cpp.o)
SPP::serialPortResponse1(unsigned char, unsigned char) E:\bahan mata kuliah politeknik telkom\ganjil 2013-2014\Sistem Interoperabilitas\Project Arduino\Bluetooth-Arduino-Remote02\build\/lib_duemilanove328_16.a(SPP.cpp.o)
SPP::serialPortResponse2(unsigned char, unsigned char) E:\bahan mata kuliah politeknik telkom\ganjil 2013-2014\Sistem Interoperabilitas\Project Arduino\Bluetooth-Arduino-Remote02\build\/lib_duemilanove328_16.a(SPP.cpp.o)
SPP::serviceNotSupported(unsigned char, unsigned char) E:\bahan mata kuliah politeknik telkom\ganjil 2013-2014\Sistem Interoperabilitas\Project Arduino\Bluetooth-Arduino-Remote02\build\/lib_duemilanove328_16.a(SPP.cpp.o)
SPP::write(unsigned char const*, unsigned int)    E:\bahan mata kuliah politeknik telkom\ganjil 2013-2014\Sistem Interoperabilitas\Project Arduino\Bluetooth-Arduino-Remote02\build\/lib_duemilanove328_16.a(SPP.cpp.o)
SPP::write(unsigned char)                         E:\bahan mata kuliah politeknik telkom\ganjil 2013-2014\Sistem Interoperabilitas\Project Arduino\Bluetooth-Arduino-Remote02\build\/lib_duemilanove328_16.a(SPP.cpp.o)
Serial                                            E:\bahan mata kuliah politeknik telkom\ganjil 2013-2014\Sistem Interoperabilitas\Project Arduino\Bluetooth-Arduino-Remote02\build\/core_duemilanove328_16.a(HardwareSerial.cpp.o)
                                                  build\Bluetooth-Arduino-Remote02.o
SerialBT                                          build\Bluetooth-Arduino-Remote02.o
String::String(String const&)                     E:\bahan mata kuliah politeknik telkom\ganjil 2013-2014\Sistem Interoperabilitas\Project Arduino\Bluetooth-Arduino-Remote02\build\/core_duemilanove328_16.a(WString.cpp.o)
String::String(String const&)                     E:\bahan mata kuliah politeknik telkom\ganjil 2013-2014\Sistem Interoperabilitas\Project Arduino\Bluetooth-Arduino-Remote02\build\/core_duemilanove328_16.a(WString.cpp.o)
String::String(char const*)                       E:\bahan mata kuliah politeknik telkom\ganjil 2013-2014\Sistem Interoperabilitas\Project Arduino\Bluetooth-Arduino-Remote02\build\/core_duemilanove328_16.a(WString.cpp.o)
String::String(char const*)                       E:\bahan mata kuliah politeknik telkom\ganjil 2013-2014\Sistem Interoperabilitas\Project Arduino\Bluetooth-Arduino-Remote02\build\/core_duemilanove328_16.a(WString.cpp.o)
String::String(char)                              E:\bahan mata kuliah politeknik telkom\ganjil 2013-2014\Sistem Interoperabilitas\Project Arduino\Bluetooth-Arduino-Remote02\build\/core_duemilanove328_16.a(WString.cpp.o)
String::String(char)                              E:\bahan mata kuliah politeknik telkom\ganjil 2013-2014\Sistem Interoperabilitas\Project Arduino\Bluetooth-Arduino-Remote02\build\/core_duemilanove328_16.a(WString.cpp.o)